Archive member included to satisfy reference by file (symbol)

E:/ST/STM32CubeIDE_1.18.0/STM32CubeIDE/plugins/com.st.stm32cube.ide.mcu.externaltools.gnu-tools-for-stm32.13.3.rel1.win32_1.0.0.202411081344/tools/bin/../lib/gcc/arm-none-eabi/13.3.1/../../../../arm-none-eabi/lib/thumb/v7-m/nofp\libc_nano.a(libc_a-exit.o)
                              E:/ST/STM32CubeIDE_1.18.0/STM32CubeIDE/plugins/com.st.stm32cube.ide.mcu.externaltools.gnu-tools-for-stm32.13.3.rel1.win32_1.0.0.202411081344/tools/bin/../lib/gcc/arm-none-eabi/13.3.1/../../../../arm-none-eabi/lib/thumb/v7-m/nofp/crt0.o (exit)
E:/ST/STM32CubeIDE_1.18.0/STM32CubeIDE/plugins/com.st.stm32cube.ide.mcu.externaltools.gnu-tools-for-stm32.13.3.rel1.win32_1.0.0.202411081344/tools/bin/../lib/gcc/arm-none-eabi/13.3.1/../../../../arm-none-eabi/lib/thumb/v7-m/nofp\libc_nano.a(libc_a-findfp.o)
                              E:/ST/STM32CubeIDE_1.18.0/STM32CubeIDE/plugins/com.st.stm32cube.ide.mcu.externaltools.gnu-tools-for-stm32.13.3.rel1.win32_1.0.0.202411081344/tools/bin/../lib/gcc/arm-none-eabi/13.3.1/../../../../arm-none-eabi/lib/thumb/v7-m/nofp\libc_nano.a(libc_a-exit.o) (__stdio_exit_handler)
E:/ST/STM32CubeIDE_1.18.0/STM32CubeIDE/plugins/com.st.stm32cube.ide.mcu.externaltools.gnu-tools-for-stm32.13.3.rel1.win32_1.0.0.202411081344/tools/bin/../lib/gcc/arm-none-eabi/13.3.1/../../../../arm-none-eabi/lib/thumb/v7-m/nofp\libc_nano.a(libc_a-fwalk.o)
                              E:/ST/STM32CubeIDE_1.18.0/STM32CubeIDE/plugins/com.st.stm32cube.ide.mcu.externaltools.gnu-tools-for-stm32.13.3.rel1.win32_1.0.0.202411081344/tools/bin/../lib/gcc/arm-none-eabi/13.3.1/../../../../arm-none-eabi/lib/thumb/v7-m/nofp\libc_nano.a(libc_a-findfp.o) (_fwalk_sglue)
E:/ST/STM32CubeIDE_1.18.0/STM32CubeIDE/plugins/com.st.stm32cube.ide.mcu.externaltools.gnu-tools-for-stm32.13.3.rel1.win32_1.0.0.202411081344/tools/bin/../lib/gcc/arm-none-eabi/13.3.1/../../../../arm-none-eabi/lib/thumb/v7-m/nofp\libc_nano.a(libc_a-stdio.o)
                              E:/ST/STM32CubeIDE_1.18.0/STM32CubeIDE/plugins/com.st.stm32cube.ide.mcu.externaltools.gnu-tools-for-stm32.13.3.rel1.win32_1.0.0.202411081344/tools/bin/../lib/gcc/arm-none-eabi/13.3.1/../../../../arm-none-eabi/lib/thumb/v7-m/nofp\libc_nano.a(libc_a-findfp.o) (__sread)
E:/ST/STM32CubeIDE_1.18.0/STM32CubeIDE/plugins/com.st.stm32cube.ide.mcu.externaltools.gnu-tools-for-stm32.13.3.rel1.win32_1.0.0.202411081344/tools/bin/../lib/gcc/arm-none-eabi/13.3.1/../../../../arm-none-eabi/lib/thumb/v7-m/nofp\libc_nano.a(libc_a-memcmp.o)
                              ./Core/Src/inv_mpu.o (memcmp)
E:/ST/STM32CubeIDE_1.18.0/STM32CubeIDE/plugins/com.st.stm32cube.ide.mcu.externaltools.gnu-tools-for-stm32.13.3.rel1.win32_1.0.0.202411081344/tools/bin/../lib/gcc/arm-none-eabi/13.3.1/../../../../arm-none-eabi/lib/thumb/v7-m/nofp\libc_nano.a(libc_a-memset.o)
                              E:/ST/STM32CubeIDE_1.18.0/STM32CubeIDE/plugins/com.st.stm32cube.ide.mcu.externaltools.gnu-tools-for-stm32.13.3.rel1.win32_1.0.0.202411081344/tools/bin/../lib/gcc/arm-none-eabi/13.3.1/../../../../arm-none-eabi/lib/thumb/v7-m/nofp/crt0.o (memset)
E:/ST/STM32CubeIDE_1.18.0/STM32CubeIDE/plugins/com.st.stm32cube.ide.mcu.externaltools.gnu-tools-for-stm32.13.3.rel1.win32_1.0.0.202411081344/tools/bin/../lib/gcc/arm-none-eabi/13.3.1/../../../../arm-none-eabi/lib/thumb/v7-m/nofp\libc_nano.a(libc_a-closer.o)
                              E:/ST/STM32CubeIDE_1.18.0/STM32CubeIDE/plugins/com.st.stm32cube.ide.mcu.externaltools.gnu-tools-for-stm32.13.3.rel1.win32_1.0.0.202411081344/tools/bin/../lib/gcc/arm-none-eabi/13.3.1/../../../../arm-none-eabi/lib/thumb/v7-m/nofp\libc_nano.a(libc_a-stdio.o) (_close_r)
E:/ST/STM32CubeIDE_1.18.0/STM32CubeIDE/plugins/com.st.stm32cube.ide.mcu.externaltools.gnu-tools-for-stm32.13.3.rel1.win32_1.0.0.202411081344/tools/bin/../lib/gcc/arm-none-eabi/13.3.1/../../../../arm-none-eabi/lib/thumb/v7-m/nofp\libc_nano.a(libc_a-reent.o)
                              E:/ST/STM32CubeIDE_1.18.0/STM32CubeIDE/plugins/com.st.stm32cube.ide.mcu.externaltools.gnu-tools-for-stm32.13.3.rel1.win32_1.0.0.202411081344/tools/bin/../lib/gcc/arm-none-eabi/13.3.1/../../../../arm-none-eabi/lib/thumb/v7-m/nofp\libc_nano.a(libc_a-closer.o) (errno)
E:/ST/STM32CubeIDE_1.18.0/STM32CubeIDE/plugins/com.st.stm32cube.ide.mcu.externaltools.gnu-tools-for-stm32.13.3.rel1.win32_1.0.0.202411081344/tools/bin/../lib/gcc/arm-none-eabi/13.3.1/../../../../arm-none-eabi/lib/thumb/v7-m/nofp\libc_nano.a(libc_a-impure.o)
                              E:/ST/STM32CubeIDE_1.18.0/STM32CubeIDE/plugins/com.st.stm32cube.ide.mcu.externaltools.gnu-tools-for-stm32.13.3.rel1.win32_1.0.0.202411081344/tools/bin/../lib/gcc/arm-none-eabi/13.3.1/../../../../arm-none-eabi/lib/thumb/v7-m/nofp\libc_nano.a(libc_a-reent.o) (_impure_ptr)
[...]
Memory Configuration

Name             Origin             Length             Attributes
RAM              0x20000000         0x00005000         xrw
FLASH            0x08000000         0x00010000         xr
*default*        0x00000000         0xffffffff

Linker script and memory map

LOAD E:/ST/STM32CubeIDE_1.18.0/STM32CubeIDE/plugins/com.st.stm32cube.ide.mcu.externaltools.gnu-tools-for-stm32.13.3.rel1.win32_1.0.0.202411081344/tools/bin/../lib/gcc/arm-none-eabi/13.3.1/thumb/v7-m/nofp/crti.o
LOAD E:/ST/STM32CubeIDE_1.18.0/STM32CubeIDE/plugins/com.st.stm32cube.ide.mcu.externaltools.gnu-tools-for-stm32.13.3.rel1.win32_1.0.0.202411081344/tools/bin/../lib/gcc/arm-none-eabi/13.3.1/thumb/v7-m/nofp/crtbegin.o
LOAD E:/ST/STM32CubeIDE_1.18.0/STM32CubeIDE/plugins/com.st.stm32cube.ide.mcu.externaltools.gnu-tools-for-stm32.13.3.rel1.win32_1.0.0.202411081344/tools/bin/../lib/gcc/arm-none-eabi/13.3.1/../../../../arm-none-eabi/lib/thumb/v7-m/nofp/crt0.o
LOAD ./Core/Src/MPU9250-DMP.o
LOAD ./Core/Src/inv_mpu.o
LOAD ./Core/Src/inv_mpu_dmp_motion_driver.o
LOAD ./Core/Src/main.o
LOAD ./Core/Src/stm32_mpu9250_clk.o
LOAD ./Core/Src/stm32_mpu9250_i2c.o
LOAD ./Core/Src/stm32f1xx_hal_msp.o
LOAD ./Core/Src/stm32f1xx_it.o
LOAD ./Core/Src/syscalls.o
LOAD ./Core/Src/sysmem.o
LOAD ./Core/Src/system_stm32f1xx.o
LOAD ./Core/Startup/startup_stm32f103c8tx.o
LOAD ./Drivers/STM32F1xx_HAL_Driver/Src/stm32f1xx_hal.o
LOAD ./Drivers/STM32F1xx_HAL_Driver/Src/stm32f1xx_hal_cortex.o
LOAD ./Drivers/STM32F1xx_HAL_Driver/Src/stm32f1xx_hal_dma.o
LOAD ./Drivers/STM32F1xx_HAL_Driver/Src/stm32f1xx_hal_exti.o
LOAD ./Drivers/STM32F1xx_HAL_Driver/Src/stm32f1xx_hal_flash.o
LOAD ./Drivers/STM32F1xx_HAL_Driver/Src/stm32f1xx_hal_flash_ex.o
LOAD ./Drivers/STM32F1xx_HAL_Driver/Src/stm32f1xx_hal_gpio.o
LOAD ./Drivers/STM32F1xx_HAL_Driver/Src/stm32f1xx_hal_gpio_ex.o
LOAD ./Drivers/STM32F1xx_HAL_Driver/Src/stm32f1xx_hal_i2c.o
LOAD ./Drivers/STM32F1xx_HAL_Driver/Src/stm32f1xx_hal_pwr.o
LOAD ./Drivers/STM32F1xx_HAL_Driver/Src/stm32f1xx_hal_rcc.o
LOAD ./Drivers/STM32F1xx_HAL_Driver/Src/stm32f1xx_hal_rcc_ex.o
START GROUP
LOAD E:/ST/STM32CubeIDE_1.18.0/STM32CubeIDE/plugins/com.st.stm32cube.ide.mcu.externaltools.gnu-tools-for-stm32.13.3.rel1.win32_1.0.0.202411081344/tools/bin/../lib/gcc/arm-none-eabi/13.3.1/../../../../arm-none-eabi/lib/thumb/v7-m/nofp\libc_nano.a
LOAD E:/ST/STM32CubeIDE_1.18.0/STM32CubeIDE/plugins/com.st.stm32cube.ide.mcu.externaltools.gnu-tools-for-stm32.13.3.rel1.win32_1.0.0.202411081344/tools/bin/../lib/gcc/arm-none-eabi/13.3.1/../../../../arm-none-eabi/lib/thumb/v7-m/nofp\libm.a
END GROUP
START GROUP
LOAD E:/ST/STM32CubeIDE_1.18.0/STM32CubeIDE/plugins/com.st.stm32cube.ide.mcu.externaltools.gnu-tools-for-stm32.13.3.rel1.win32_1.0.0.202411081344/tools/bin/../lib/gcc/arm-none-eabi/13.3.1/thumb/v7-m/nofp\libgcc.a
LOAD E:/ST/STM32CubeIDE_1.18.0/STM32CubeIDE/plugins/com.st.stm32cube.ide.mcu.externaltools.gnu-tools-for-stm32.13.3.rel1.win32_1.0.0.202411081344/tools/bin/../lib/gcc/arm-none-eabi/13.3.1/../../../../arm-none-eabi/lib/thumb/v7-m/nofp\libc_nano.a
END GROUP
START GROUP
LOAD E:/ST/STM32CubeIDE_1.18.0/STM32CubeIDE/plugins/com.st.stm32cube.ide.mcu.externaltools.gnu-tools-for-stm32.13.3.rel1.win32_1.0.0.202411081344/tools/bin/../lib/gcc/arm-none-eabi/13.3.1/thumb/v7-m/nofp\libgcc.a
LOAD E:/ST/STM32CubeIDE_1.18.0/STM32CubeIDE/plugins/com.st.stm32cube.ide.mcu.externaltools.gnu-tools-for-stm32.13.3.rel1.win32_1.0.0.202411081344/tools/bin/../lib/gcc/arm-none-eabi/13.3.1/../../../../arm-none-eabi/lib/thumb/v7-m/nofp\libc_nano.a
LOAD E:/ST/STM32CubeIDE_1.18.0/STM32CubeIDE/plugins/com.st.stm32cube.ide.mcu.externaltools.gnu-tools-for-stm32.13.3.rel1.win32_1.0.0.202411081344/tools/bin/../lib/gcc/arm-none-eabi/13.3.1/../../../../arm-none-eabi/lib/thumb/v7-m/nofp\libnosys.a
END GROUP
START GROUP
LOAD E:/ST/STM32CubeIDE_1.18.0/STM32CubeIDE/plugins/com.st.stm32cube.ide.mcu.externaltools.gnu-tools-for-stm32.13.3.rel1.win32_1.0.0.202411081344/tools/bin/../lib/gcc/arm-none-eabi/13.3.1/thumb/v7-m/nofp\libgcc.a
LOAD E:/ST/STM32CubeIDE_1.18.0/STM32CubeIDE/plugins/com.st.stm32cube.ide.mcu.externaltools.gnu-tools-for-stm32.13.3.rel1.win32_1.0.0.202411081344/tools/bin/../lib/gcc/arm-none-eabi/13.3.1/../../../../arm-none-eabi/lib/thumb/v7-m/nofp\libc_nano.a
LOAD E:/ST/STM32CubeIDE_1.18.0/STM32CubeIDE/plugins/com.st.stm32cube.ide.mcu.externaltools.gnu-tools-for-stm32.13.3.rel1.win32_1.0.0.202411081344/tools/bin/../lib/gcc/arm-none-eabi/13.3.1/../../../../arm-none-eabi/lib/thumb/v7-m/nofp\libnosys.a
END GROUP
LOAD E:/ST/STM32CubeIDE_1.18.0/STM32CubeIDE/plugins/com.st.stm32cube.ide.mcu.externaltools.gnu-tools-for-stm32.13.3.rel1.win32_1.0.0.202411081344/tools/bin/../lib/gcc/arm-none-eabi/13.3.1/thumb/v7-m/nofp/crtend.o
LOAD E:/ST/STM32CubeIDE_1.18.0/STM32CubeIDE/plugins/com.st.stm32cube.ide.mcu.externaltools.gnu-tools-for-stm32.13.3.rel1.win32_1.0.0.202411081344/tools/bin/../lib/gcc/arm-none-eabi/13.3.1/thumb/v7-m/nofp/crtn.o
                0x20005000                        _estack = (ORIGIN (RAM) + LENGTH (RAM))
                0x00000200                        _Min_Heap_Size = 0x200
                0x00000400                        _Min_Stack_Size = 0x400

.isr_vector     0x08000000      0x10c
                0x08000000                        . = ALIGN (0x4)
 *(.isr_vector)
 .isr_vector    0x08000000      0x10c ./Core/Startup/startup_stm32f103c8tx.o
                0x08000000                g_pfnVectors
                0x0800010c                        . = ALIGN (0x4)

.text           0x08000110     0x54d8
                0x08000110                        . = ALIGN (0x4)
 *(.text)
 .text          0x08000110       0x40 E:/ST/STM32CubeIDE_1.18.0/STM32CubeIDE/plugins/com.st.stm32cube.ide.mcu.externaltools.gnu-tools-for-stm32.13.3.rel1.win32_1.0.0.202411081344/tools/bin/../lib/gcc/arm-none-eabi/13.3.1/thumb/v7-m/nofp/crtbegin.o
 .text          0x08000150      0x378 E:/ST/STM32CubeIDE_1.18.0/STM32CubeIDE/plugins/com.st.stm32cube.ide.mcu.externaltools.gnu-tools-for-stm32.13.3.rel1.win32_1.0.0.202411081344/tools/bin/../lib/gcc/arm-none-eabi/13.3.1/thumb/v7-m/nofp\libgcc.a(_arm_addsubdf3.o)
                0x08000150                __aeabi_drsub
                0x08000158                __aeabi_dsub
                0x08000158                __subdf3
                0x0800015c                __aeabi_dadd
                0x0800015c                __adddf3
                0x080003d4                __floatunsidf
                0x080003d4                __aeabi_ui2d
                0x080003f4                __floatsidf
                0x080003f4                __aeabi_i2d
                0x08000418                __aeabi_f2d
                0x08000418                __extendsfdf2
                0x0800045c                __floatundidf
                0x0800045c                __aeabi_ul2d
                0x0800046c                __floatdidf
                0x0800046c                __aeabi_l2d
 .text          0x080004c8      0x424 E:/ST/STM32CubeIDE_1.18.0/STM32CubeIDE/plugins/com.st.stm32cube.ide.mcu.externaltools.gnu-tools-for-stm32.13.3.rel1.win32_1.0.0.202411081344/tools/bin/../lib/gcc/arm-none-eabi/13.3.1/thumb/v7-m/nofp\libgcc.a(_arm_muldivdf3.o)
                0x080004c8                __aeabi_dmul
                0x080004c8                __muldf3
                0x0800071c                __divdf3
                0x0800071c                __aeabi_ddiv
 .text          0x080008ec      0x110 E:/ST/STM32CubeIDE_1.18.0/STM32CubeIDE/plugins/com.st.stm32cube.ide.mcu.externaltools.gnu-tools-for-stm32.13.3.rel1.win32_1.0.0.202411081344/tools/bin/../lib/gcc/arm-none-eabi/13.3.1/thumb/v7-m/nofp\libgcc.a(_arm_cmpdf2.o)
                0x080008ec                __gtdf2
                0x080008ec                __gedf2
                0x080008f4                __ltdf2
                0x080008f4                __ledf2
                0x080008fc                __nedf2
                0x080008fc                __eqdf2
                0x080008fc                __cmpdf2
                0x08000978                __aeabi_cdrcmple
                0x08000988                __aeabi_cdcmpeq
                0x08000988                __aeabi_cdcmple
                0x08000998                __aeabi_dcmpeq
                0x080009ac                __aeabi_dcmplt
                0x080009c0                __aeabi_dcmple
                0x080009d4                __aeabi_dcmpge
                0x080009e8                __aeabi_dcmpgt
 .text          0x080009fc       0xa0 E:/ST/STM32CubeIDE_1.18.0/STM32CubeIDE/plugins/com.st.stm32cube.ide.mcu.externaltools.gnu-tools-for-stm32.13.3.rel1.win32_1.0.0.202411081344/tools/bin/../lib/gcc/arm-none-eabi/13.3.1/thumb/v7-m/nofp\libgcc.a(_arm_truncdfsf2.o)
                0x080009fc                __truncdfsf2
                0x080009fc                __aeabi_d2f
 .text          0x08000a9c      0x21c E:/ST/STM32CubeIDE_1.18.0/STM32CubeIDE/plugins/com.st.stm32cube.ide.mcu.externaltools.gnu-tools-for-stm32.13.3.rel1.win32_1.0.0.202411081344/tools/bin/../lib/gcc/arm-none-eabi/13.3.1/thumb/v7-m/nofp\libgcc.a(_arm_addsubsf3.o)
                0x08000a9c                __aeabi_frsub
                0x08000aa4                __subsf3
                0x08000aa4                __aeabi_fsub
                0x08000aa8                __aeabi_fadd
                0x08000aa8                __addsf3
                0x08000c08                __aeabi_ui2f
                0x08000c08                __floatunsisf
                0x08000c10                __aeabi_i2f
                0x08000c10                __floatsisf
                0x08000c2c                __aeabi_ul2f
                0x08000c2c                __floatundisf
                0x08000c3c                __aeabi_l2f
                0x08000c3c                __floatdisf
 .text          0x08000cb8      0x2a0 E:/ST/STM32CubeIDE_1.18.0/STM32CubeIDE/plugins/com.st.stm32cube.ide.mcu.externaltools.gnu-tools-for-stm32.13.3.rel1.win32_1.0.0.202411081344/tools/bin/../lib/gcc/arm-none-eabi/13.3.1/thumb/v7-m/nofp\libgcc.a(_arm_muldivsf3.o)
                0x08000cb8                __mulsf3
                0x08000cb8                __aeabi_fmul
                0x08000e20                __aeabi_fdiv
                0x08000e20                __divsf3
 .text          0x08000f58       0xec E:/ST/STM32CubeIDE_1.18.0/STM32CubeIDE/plugins/com.st.stm32cube.ide.mcu.externaltools.gnu-tools-for-stm32.13.3.rel1.win32_1.0.0.202411081344/tools/bin/../lib/gcc/arm-none-eabi/13.3.1/thumb/v7-m/nofp\libgcc.a(_arm_cmpsf2.o)
                0x08000f58                __gesf2
                0x08000f58                __gtsf2
                0x08000f60                __lesf2
                0x08000f60                __ltsf2
                0x08000f68                __nesf2
                0x08000f68                __eqsf2
                0x08000f68                __cmpsf2
                0x08000fc8                __aeabi_cfrcmple
                0x08000fd0                __aeabi_cfcmpeq
                0x08000fd0                __aeabi_cfcmple
                0x08000fe0                __aeabi_fcmpeq
                0x08000ff4                __aeabi_fcmplt
                0x08001008                __aeabi_fcmple
                0x0800101c                __aeabi_fcmpge
                0x08001030                __aeabi_fcmpgt
 .text          0x08001044       0x4c E:/ST/STM32CubeIDE_1.18.0/STM32CubeIDE/plugins/com.st.stm32cube.ide.mcu.externaltools.gnu-tools-for-stm32.13.3.rel1.win32_1.0.0.202411081344/tools/bin/../lib/gcc/arm-none-eabi/13.3.1/thumb/v7-m/nofp\libgcc.a(_arm_fixsfsi.o)
                0x08001044                __aeabi_f2iz
                0x08001044                __fixsfsi
 *(.text*)
 .text.MPU9250_begin
                0x08001090       0x50 ./Core/Src/MPU9250-DMP.o
                0x08001090                MPU9250_begin
 .text.MPU9250_setGyroFSR
                0x080010e0       0x34 ./Core/Src/MPU9250-DMP.o
                0x080010e0                MPU9250_setGyroFSR
 .text.MPU9250_setSampleRate
                0x08001114       0x1c ./Core/Src/MPU9250-DMP.o
                0x08001114                MPU9250_setSampleRate
 .text.MPU9250_setCompassSampleRate
                0x08001130       0x1c ./Core/Src/MPU9250-DMP.o
                0x08001130                MPU9250_setCompassSampleRate
 .text.MPU9250_getGyroSens
                0x0800114c       0x24 ./Core/Src/MPU9250-DMP.o
                0x0800114c                MPU9250_getGyroSens
 .text.MPU9250_getAccelSens
                0x08001170       0x22 ./Core/Src/MPU9250-DMP.o
                0x08001170                MPU9250_getAccelSens
 .text.MPU9250_setSensors
                0x08001192       0x1c ./Core/Src/MPU9250-DMP.o
                0x08001192                MPU9250_setSensors
 .text.MPU9250_dataReady
                0x080011ae       0x32 ./Core/Src/MPU9250-DMP.o
                0x080011ae                MPU9250_dataReady
 .text.MPU9250_update
                0x080011e0       0x70 ./Core/Src/MPU9250-DMP.o
                0x080011e0                MPU9250_update
 .text.MPU9250_updateAccel
                0x08001250       0x54 ./Core/Src/MPU9250-DMP.o
                0x08001250                MPU9250_updateAccel
 .text.MPU9250_updateGyro
                0x080012a4       0x54 ./Core/Src/MPU9250-DMP.o
                0x080012a4                MPU9250_updateGyro
 .text.MPU9250_updateCompass
                0x080012f8       0x54 ./Core/Src/MPU9250-DMP.o
                0x080012f8                MPU9250_updateCompass
 .text.MPU9250_updateTemperature
                0x0800134c       0x1c ./Core/Src/MPU9250-DMP.o
                0x0800134c                MPU9250_updateTemperature
 .text.MPU9250_calcAccel
                0x08001368       0x40 ./Core/Src/MPU9250-DMP.o
                0x08001368                MPU9250_calcAccel
 .text.MPU9250_computeCompassHeading
                0x080013a8      0x178 ./Core/Src/MPU9250-DMP.o
                0x080013a8                MPU9250_computeCompassHeading
 .text.reg_int_cb
                0x08001520       0x14 ./Core/Src/inv_mpu.o
 .text.min      0x08001534       0x1e ./Core/Src/inv_mpu.o
                0x08001534                min
 *fill*         0x08001552        0x2 
 .text.set_int_enable
                0x08001554       0xb4 ./Core/Src/inv_mpu.o
                0x08001554                set_int_enable
 .text.mpu_read_reg
                0x08001608       0x5c ./Core/Src/inv_mpu.o
                0x08001608                mpu_read_reg
 .text.mpu_init
                0x08001664      0x194 ./Core/Src/inv_mpu.o
                0x08001664                mpu_init
 .text.mpu_lp_accel_mode
                0x080017f8      0x13c ./Core/Src/inv_mpu.o
                0x080017f8                mpu_lp_accel_mode
 .text.mpu_get_gyro_reg
                0x08001934       0x98 ./Core/Src/inv_mpu.o
                0x08001934                mpu_get_gyro_reg
 .text.mpu_get_accel_reg
                0x080019cc       0x98 ./Core/Src/inv_mpu.o
                0x080019cc                mpu_get_accel_reg
 .text.mpu_get_temperature
                0x08001a64       0xcc ./Core/Src/inv_mpu.o
                0x08001a64                mpu_get_temperature
 .text.mpu_reset_fifo
                0x08001b30      0x208 ./Core/Src/inv_mpu.o
                0x08001b30                mpu_reset_fifo
 .text.mpu_set_gyro_fsr
                0x08001d38       0xa8 ./Core/Src/inv_mpu.o
                0x08001d38                mpu_set_gyro_fsr
 .text.mpu_set_accel_fsr
                0x08001de0       0xd0 ./Core/Src/inv_mpu.o
                0x08001de0                mpu_set_accel_fsr
 .text.mpu_set_lpf
                0x08001eb0       0x9c ./Core/Src/inv_mpu.o
                0x08001eb0                mpu_set_lpf
 .text.mpu_set_sample_rate
                0x08001f4c       0xe0 ./Core/Src/inv_mpu.o
                0x08001f4c                mpu_set_sample_rate
 .text.mpu_set_compass_sample_rate
                0x0800202c       0x80 ./Core/Src/inv_mpu.o
                0x0800202c                mpu_set_compass_sample_rate
 .text.mpu_get_gyro_sens
                0x080020ac       0x70 ./Core/Src/inv_mpu.o
                0x080020ac                mpu_get_gyro_sens
 .text.mpu_get_accel_sens
                0x0800211c       0x7c ./Core/Src/inv_mpu.o
                0x0800211c                mpu_get_accel_sens
 .text.mpu_configure_fifo
                0x08002198       0xa4 ./Core/Src/inv_mpu.o
                0x08002198                mpu_configure_fifo
 .text.mpu_set_sensors
                0x0800223c      0x1bc ./Core/Src/inv_mpu.o
                0x0800223c                mpu_set_sensors
 .text.mpu_set_bypass
                0x080023f8      0x18c ./Core/Src/inv_mpu.o
                0x080023f8                mpu_set_bypass
 .text.mpu_set_int_latched
                0x08002584       0x88 ./Core/Src/inv_mpu.o
                0x08002584                mpu_set_int_latched
 .text.setup_compass
                0x0800260c      0x274 ./Core/Src/inv_mpu.o
 .text.mpu_get_compass_reg
                0x08002880      0x118 ./Core/Src/inv_mpu.o
                0x08002880                mpu_get_compass_reg
 .text.main     0x08002998       0x58 ./Core/Src/main.o
                0x08002998                main
 .text.SystemClock_Config
                0x080029f0       0x76 ./Core/Src/main.o
                0x080029f0                SystemClock_Config
 *fill*         0x08002a66        0x2 
 .text.MX_I2C2_Init
                0x08002a68       0x5c ./Core/Src/main.o
 .text.MX_GPIO_Init
                0x08002ac4       0x44 ./Core/Src/main.o
 .text.Error_Handler
                0x08002b08        0xc ./Core/Src/main.o
                0x08002b08                Error_Handler
 .text.stm32_get_clock_ms
                0x08002b14       0x1c ./Core/Src/stm32_mpu9250_clk.o
                0x08002b14                stm32_get_clock_ms
 .text.stm32_delay_ms
                0x08002b30       0x18 ./Core/Src/stm32_mpu9250_clk.o
                0x08002b30                stm32_delay_ms
 .text.wait_for_gpio_state_timeout
                0x08002b48       0x66 ./Core/Src/stm32_mpu9250_i2c.o
 *fill*         0x08002bae        0x2 
 .text.I2C_ClearBusyFlagErratum
                0x08002bb0      0x158 ./Core/Src/stm32_mpu9250_i2c.o
 .text.stm32_i2c_write
                0x08002d08       0xd4 ./Core/Src/stm32_mpu9250_i2c.o
                0x08002d08                stm32_i2c_write
 .text.stm32_i2c_read
                0x08002ddc       0x78 ./Core/Src/stm32_mpu9250_i2c.o
                0x08002ddc                stm32_i2c_read
 .text.HAL_MspInit
                0x08002e54       0x64 ./Core/Src/stm32f1xx_hal_msp.o
                0x08002e54                HAL_MspInit
 .text.HAL_I2C_MspInit
                0x08002eb8       0x80 ./Core/Src/stm32f1xx_hal_msp.o
                0x08002eb8                HAL_I2C_MspInit
 .text.HAL_I2C_MspDeInit
                0x08002f38       0x48 ./Core/Src/stm32f1xx_hal_msp.o
                0x08002f38                HAL_I2C_MspDeInit
 .text.NMI_Handler
                0x08002f80        0x8 ./Core/Src/stm32f1xx_it.o
                0x08002f80                NMI_Handler
 .text.HardFault_Handler
                0x08002f88        0x8 ./Core/Src/stm32f1xx_it.o
                0x08002f88                HardFault_Handler
 .text.MemManage_Handler
                0x08002f90        0x8 ./Core/Src/stm32f1xx_it.o
                0x08002f90                MemManage_Handler
 .text.BusFault_Handler
                0x08002f98        0x8 ./Core/Src/stm32f1xx_it.o
                0x08002f98                BusFault_Handler
 .text.UsageFault_Handler
                0x08002fa0        0x8 ./Core/Src/stm32f1xx_it.o
                0x08002fa0                UsageFault_Handler
 .text.SVC_Handler
                0x08002fa8        0xc ./Core/Src/stm32f1xx_it.o
                0x08002fa8                SVC_Handler
 .text.DebugMon_Handler
                0x08002fb4        0xc ./Core/Src/stm32f1xx_it.o
                0x08002fb4                DebugMon_Handler
 .text.PendSV_Handler
                0x08002fc0        0xc ./Core/Src/stm32f1xx_it.o
                0x08002fc0                PendSV_Handler
 .text.SysTick_Handler
                0x08002fcc        0xc ./Core/Src/stm32f1xx_it.o
                0x08002fcc                SysTick_Handler
 .text.SystemInit
                0x08002fd8        0xc ./Core/Src/system_stm32f1xx.o
                0x08002fd8                SystemInit
 .text.Reset_Handler
                0x08002fe4       0x48 ./Core/Startup/startup_stm32f103c8tx.o
                0x08002fe4                Reset_Handler
 .text.Default_Handler
                0x0800302c        0x2 ./Core/Startup/startup_stm32f103c8tx.o
                0x0800302c                RTC_Alarm_IRQHandler
                0x0800302c                EXTI2_IRQHandler
                0x0800302c                TIM1_CC_IRQHandler
                0x0800302c                PVD_IRQHandler
                0x0800302c                EXTI3_IRQHandler
                0x0800302c                EXTI0_IRQHandler
                0x0800302c                I2C2_EV_IRQHandler
                0x0800302c                ADC1_2_IRQHandler
                0x0800302c                SPI1_IRQHandler
                0x0800302c                TAMPER_IRQHandler
                0x0800302c                DMA1_Channel4_IRQHandler
                0x0800302c                USART3_IRQHandler
                0x0800302c                RTC_IRQHandler
                0x0800302c                DMA1_Channel7_IRQHandler
                0x0800302c                CAN1_RX1_IRQHandler
                0x0800302c                TIM4_IRQHandler
                0x0800302c                I2C1_EV_IRQHandler
                0x0800302c                DMA1_Channel6_IRQHandler
                0x0800302c                TIM3_IRQHandler
                0x0800302c                RCC_IRQHandler
                0x0800302c                TIM1_TRG_COM_IRQHandler
                0x0800302c                DMA1_Channel1_IRQHandler
                0x0800302c                Default_Handler
                0x0800302c                EXTI15_10_IRQHandler
                0x0800302c                EXTI9_5_IRQHandler
                0x0800302c                SPI2_IRQHandler
                0x0800302c                DMA1_Channel5_IRQHandler
                0x0800302c                EXTI4_IRQHandler
                0x0800302c                USB_LP_CAN1_RX0_IRQHandler
                0x0800302c                USB_HP_CAN1_TX_IRQHandler
                0x0800302c                DMA1_Channel3_IRQHandler
                0x0800302c                TIM1_UP_IRQHandler
                0x0800302c                WWDG_IRQHandler
                0x0800302c                TIM2_IRQHandler
                0x0800302c                TIM1_BRK_IRQHandler
                0x0800302c                EXTI1_IRQHandler
                0x0800302c                USART2_IRQHandler
                0x0800302c                I2C2_ER_IRQHandler
                0x0800302c                DMA1_Channel2_IRQHandler
                0x0800302c                CAN1_SCE_IRQHandler
                0x0800302c                FLASH_IRQHandler
                0x0800302c                USART1_IRQHandler
                0x0800302c                I2C1_ER_IRQHandler
                0x0800302c                USBWakeUp_IRQHandler
 *fill*         0x0800302e        0x2 
 .text.HAL_Init
                0x08003030       0x2c ./Drivers/STM32F1xx_HAL_Driver/Src/stm32f1xx_hal.o
                0x08003030                HAL_Init
 .text.HAL_InitTick
                0x0800305c       0x60 ./Drivers/STM32F1xx_HAL_Driver/Src/stm32f1xx_hal.o
                0x0800305c                HAL_InitTick
 .text.HAL_IncTick
                0x080030bc       0x24 ./Drivers/STM32F1xx_HAL_Driver/Src/stm32f1xx_hal.o
                0x080030bc                HAL_IncTick
 .text.HAL_GetTick
                0x080030e0       0x14 ./Drivers/STM32F1xx_HAL_Driver/Src/stm32f1xx_hal.o
                0x080030e0                HAL_GetTick
 .text.HAL_Delay
                0x080030f4       0x48 ./Drivers/STM32F1xx_HAL_Driver/Src/stm32f1xx_hal.o
                0x080030f4                HAL_Delay
 .text.__NVIC_SetPriorityGrouping
                0x0800313c       0x48 ./Drivers/STM32F1xx_HAL_Driver/Src/stm32f1xx_hal_cortex.o
 .text.__NVIC_GetPriorityGrouping
                0x08003184       0x1c ./Drivers/STM32F1xx_HAL_Driver/Src/stm32f1xx_hal_cortex.o
 .text.__NVIC_SetPriority
                0x080031a0       0x54 ./Drivers/STM32F1xx_HAL_Driver/Src/stm32f1xx_hal_cortex.o
 .text.NVIC_EncodePriority
                0x080031f4       0x64 ./Drivers/STM32F1xx_HAL_Driver/Src/stm32f1xx_hal_cortex.o
 .text.SysTick_Config
                0x08003258       0x44 ./Drivers/STM32F1xx_HAL_Driver/Src/stm32f1xx_hal_cortex.o
 .text.HAL_NVIC_SetPriorityGrouping
                0x0800329c       0x16 ./Drivers/STM32F1xx_HAL_Driver/Src/stm32f1xx_hal_cortex.o
                0x0800329c                HAL_NVIC_SetPriorityGrouping
 .text.HAL_NVIC_SetPriority
                0x080032b2       0x38 ./Drivers/STM32F1xx_HAL_Driver/Src/stm32f1xx_hal_cortex.o
                0x080032b2                HAL_NVIC_SetPriority
 .text.HAL_SYSTICK_Config
                0x080032ea       0x18 ./Drivers/STM32F1xx_HAL_Driver/Src/stm32f1xx_hal_cortex.o
                0x080032ea                HAL_SYSTICK_Config
 *fill*         0x08003302        0x2 
 .text.HAL_GPIO_Init
                0x08003304      0x308 ./Drivers/STM32F1xx_HAL_Driver/Src/stm32f1xx_hal_gpio.o
                0x08003304                HAL_GPIO_Init
 .text.HAL_GPIO_DeInit
                0x0800360c      0x178 ./Drivers/STM32F1xx_HAL_Driver/Src/stm32f1xx_hal_gpio.o
                0x0800360c                HAL_GPIO_DeInit
 .text.HAL_GPIO_ReadPin
                0x08003784       0x2e ./Drivers/STM32F1xx_HAL_Driver/Src/stm32f1xx_hal_gpio.o
                0x08003784                HAL_GPIO_ReadPin
 .text.HAL_GPIO_WritePin
                0x080037b2       0x30 ./Drivers/STM32F1xx_HAL_Driver/Src/stm32f1xx_hal_gpio.o
                0x080037b2                HAL_GPIO_WritePin
 *fill*         0x080037e2        0x2 
 .text.HAL_I2C_Init
                0x080037e4      0x288 ./Drivers/STM32F1xx_HAL_Driver/Src/stm32f1xx_hal_i2c.o
                0x080037e4                HAL_I2C_Init
 .text.HAL_I2C_DeInit
                0x08003a6c       0x5e ./Drivers/STM32F1xx_HAL_Driver/Src/stm32f1xx_hal_i2c.o
                0x08003a6c                HAL_I2C_DeInit
 *fill*         0x08003aca        0x2 
 .text.HAL_I2C_Master_Transmit
                0x08003acc      0x1fc ./Drivers/STM32F1xx_HAL_Driver/Src/stm32f1xx_hal_i2c.o
                0x08003acc                HAL_I2C_Master_Transmit
 .text.HAL_I2C_Master_Receive
                0x08003cc8      0x4d8 ./Drivers/STM32F1xx_HAL_Driver/Src/stm32f1xx_hal_i2c.o
                0x08003cc8                HAL_I2C_Master_Receive
 .text.I2C_MasterRequestWrite
                0x080041a0      0x104 ./Drivers/STM32F1xx_HAL_Driver/Src/stm32f1xx_hal_i2c.o
 .text.I2C_MasterRequestRead
                0x080042a4      0x19c ./Drivers/STM32F1xx_HAL_Driver/Src/stm32f1xx_hal_i2c.o
 .text.I2C_WaitOnFlagUntilTimeout
                0x08004440       0xf4 ./Drivers/STM32F1xx_HAL_Driver/Src/stm32f1xx_hal_i2c.o
 .text.I2C_WaitOnMasterAddressFlagUntilTimeout
                0x08004534      0x140 ./Drivers/STM32F1xx_HAL_Driver/Src/stm32f1xx_hal_i2c.o
 .text.I2C_WaitOnTXEFlagUntilTimeout
                0x08004674       0x90 ./Drivers/STM32F1xx_HAL_Driver/Src/stm32f1xx_hal_i2c.o
 .text.I2C_WaitOnBTFFlagUntilTimeout
                0x08004704       0x90 ./Drivers/STM32F1xx_HAL_Driver/Src/stm32f1xx_hal_i2c.o
 .text.I2C_WaitOnRXNEFlagUntilTimeout
                0x08004794       0xba ./Drivers/STM32F1xx_HAL_Driver/Src/stm32f1xx_hal_i2c.o
 .text.I2C_IsAcknowledgeFailed
                0x0800484e       0x5c ./Drivers/STM32F1xx_HAL_Driver/Src/stm32f1xx_hal_i2c.o
 *fill*         0x080048aa        0x2 
 .text.HAL_RCC_OscConfig
                0x080048ac      0x504 ./Drivers/STM32F1xx_HAL_Driver/Src/stm32f1xx_hal_rcc.o
                0x080048ac                HAL_RCC_OscConfig
 .text.HAL_RCC_ClockConfig
                0x08004db0      0x1d4 ./Drivers/STM32F1xx_HAL_Driver/Src/stm32f1xx_hal_rcc.o
                0x08004db0                HAL_RCC_ClockConfig
 .text.HAL_RCC_GetSysClockFreq
                0x08004f84       0xa8 ./Drivers/STM32F1xx_HAL_Driver/Src/stm32f1xx_hal_rcc.o
                0x08004f84                HAL_RCC_GetSysClockFreq
 .text.HAL_RCC_GetHCLKFreq
                0x0800502c       0x14 ./Drivers/STM32F1xx_HAL_Driver/Src/stm32f1xx_hal_rcc.o
                0x0800502c                HAL_RCC_GetHCLKFreq
 .text.HAL_RCC_GetPCLK1Freq
                0x08005040       0x28 ./Drivers/STM32F1xx_HAL_Driver/Src/stm32f1xx_hal_rcc.o
                0x08005040                HAL_RCC_GetPCLK1Freq
 .text.RCC_Delay
                0x08005068       0x3c ./Drivers/STM32F1xx_HAL_Driver/Src/stm32f1xx_hal_rcc.o
 .text.memset   0x080050a4       0x10 E:/ST/STM32CubeIDE_1.18.0/STM32CubeIDE/plugins/com.st.stm32cube.ide.mcu.externaltools.gnu-tools-for-stm32.13.3.rel1.win32_1.0.0.202411081344/tools/bin/../lib/gcc/arm-none-eabi/13.3.1/../../../../arm-none-eabi/lib/thumb/v7-m/nofp\libc_nano.a(libc_a-memset.o)
                0x080050a4                memset
 .text.__libc_init_array
                0x080050b4       0x48 E:/ST/STM32CubeIDE_1.18.0/STM32CubeIDE/plugins/com.st.stm32cube.ide.mcu.externaltools.gnu-tools-for-stm32.13.3.rel1.win32_1.0.0.202411081344/tools/bin/../lib/gcc/arm-none-eabi/13.3.1/../../../../arm-none-eabi/lib/thumb/v7-m/nofp\libc_nano.a(libc_a-init.o)
                0x080050b4                __libc_init_array
 .text.atan2    0x080050fc        0x4 E:/ST/STM32CubeIDE_1.18.0/STM32CubeIDE/plugins/com.st.stm32cube.ide.mcu.externaltools.gnu-tools-for-stm32.13.3.rel1.win32_1.0.0.202411081344/tools/bin/../lib/gcc/arm-none-eabi/13.3.1/../../../../arm-none-eabi/lib/thumb/v7-m/nofp\libm.a(libm_a-w_atan2.o)
                0x080050fc                atan2
 .text.fabs     0x08005100        0x8 E:/ST/STM32CubeIDE_1.18.0/STM32CubeIDE/plugins/com.st.stm32cube.ide.mcu.externaltools.gnu-tools-for-stm32.13.3.rel1.win32_1.0.0.202411081344/tools/bin/../lib/gcc/arm-none-eabi/13.3.1/../../../../arm-none-eabi/lib/thumb/v7-m/nofp\libm.a(libm_a-s_fabs.o)
                0x08005100                fabs
 .text.__ieee754_atan2
                0x08005108      0x1a4 E:/ST/STM32CubeIDE_1.18.0/STM32CubeIDE/plugins/com.st.stm32cube.ide.mcu.externaltools.gnu-tools-for-stm32.13.3.rel1.win32_1.0.0.202411081344/tools/bin/../lib/gcc/arm-none-eabi/13.3.1/../../../../arm-none-eabi/lib/thumb/v7-m/nofp\libm.a(libm_a-e_atan2.o)
                0x08005108                __ieee754_atan2
 *fill*         0x080052ac        0x4 
 .text.atan     0x080052b0      0x320 E:/ST/STM32CubeIDE_1.18.0/STM32CubeIDE/plugins/com.st.stm32cube.ide.mcu.externaltools.gnu-tools-for-stm32.13.3.rel1.win32_1.0.0.202411081344/tools/bin/../lib/gcc/arm-none-eabi/13.3.1/../../../../arm-none-eabi/lib/thumb/v7-m/nofp\libm.a(libm_a-s_atan.o)
                0x080052b0                atan
 *(.glue_7)
 .glue_7        0x080055d0        0x0 linker stubs
 *(.glue_7t)
 .glue_7t       0x080055d0        0x0 linker stubs
 *(.eh_frame)
 .eh_frame      0x080055d0        0x0 E:/ST/STM32CubeIDE_1.18.0/STM32CubeIDE/plugins/com.st.stm32cube.ide.mcu.externaltools.gnu-tools-for-stm32.13.3.rel1.win32_1.0.0.202411081344/tools/bin/../lib/gcc/arm-none-eabi/13.3.1/thumb/v7-m/nofp/crtbegin.o
 *(.init)
 .init          0x080055d0        0x4 E:/ST/STM32CubeIDE_1.18.0/STM32CubeIDE/plugins/com.st.stm32cube.ide.mcu.externaltools.gnu-tools-for-stm32.13.3.rel1.win32_1.0.0.202411081344/tools/bin/../lib/gcc/arm-none-eabi/13.3.1/thumb/v7-m/nofp/crti.o
                0x080055d0                _init
 .init          0x080055d4        0x8 E:/ST/STM32CubeIDE_1.18.0/STM32CubeIDE/plugins/com.st.stm32cube.ide.mcu.externaltools.gnu-tools-for-stm32.13.3.rel1.win32_1.0.0.202411081344/tools/bin/../lib/gcc/arm-none-eabi/13.3.1/thumb/v7-m/nofp/crtn.o
 *(.fini)
 .fini          0x080055dc        0x4 E:/ST/STM32CubeIDE_1.18.0/STM32CubeIDE/plugins/com.st.stm32cube.ide.mcu.externaltools.gnu-tools-for-stm32.13.3.rel1.win32_1.0.0.202411081344/tools/bin/../lib/gcc/arm-none-eabi/13.3.1/thumb/v7-m/nofp/crti.o
                0x080055dc                _fini
 .fini          0x080055e0        0x8 E:/ST/STM32CubeIDE_1.18.0/STM32CubeIDE/plugins/com.st.stm32cube.ide.mcu.externaltools.gnu-tools-for-stm32.13.3.rel1.win32_1.0.0.202411081344/tools/bin/../lib/gcc/arm-none-eabi/13.3.1/thumb/v7-m/nofp/crtn.o
                0x080055e8                        . = ALIGN (0x4)
                0x080055e8                        _etext = .

.vfp11_veneer   0x080055e8        0x0
 .vfp11_veneer  0x080055e8        0x0 linker stubs

.v4_bx          0x080055e8        0x0
 .v4_bx         0x080055e8        0x0 linker stubs

.iplt           0x080055e8        0x0
 .iplt          0x080055e8        0x0 E:/ST/STM32CubeIDE_1.18.0/STM32CubeIDE/plugins/com.st.stm32cube.ide.mcu.externaltools.gnu-tools-for-stm32.13.3.rel1.win32_1.0.0.202411081344/tools/bin/../lib/gcc/arm-none-eabi/13.3.1/thumb/v7-m/nofp/crtbegin.o

.rodata         0x080055e8      0x108
                0x080055e8                        . = ALIGN (0x4)
 *(.rodata)
 *(.rodata*)
 .rodata.reg    0x080055e8       0x2a ./Core/Src/inv_mpu.o
                0x080055e8                reg
 *fill*         0x08005612        0x2 
 .rodata.hw     0x08005614        0xe ./Core/Src/inv_mpu.o
                0x08005614                hw
 *fill*         0x08005622        0x2 
 .rodata.test   0x08005624       0x30 ./Core/Src/inv_mpu.o
                0x08005624                test
 .rodata.AHBPrescTable
                0x08005654       0x10 ./Core/Src/system_stm32f1xx.o
                0x08005654                AHBPrescTable
 .rodata.APBPrescTable
                0x08005664        0x8 ./Core/Src/system_stm32f1xx.o
                0x08005664                APBPrescTable
 .rodata.aPLLMULFactorTable.1
                0x0800566c       0x10 ./Drivers/STM32F1xx_HAL_Driver/Src/stm32f1xx_hal_rcc.o
 .rodata.aPredivFactorTable.0
                0x0800567c        0x2 ./Drivers/STM32F1xx_HAL_Driver/Src/stm32f1xx_hal_rcc.o
 *fill*         0x0800567e        0x2 
 .rodata.CSWTCH.9
                0x08005680       0x18 E:/ST/STM32CubeIDE_1.18.0/STM32CubeIDE/plugins/com.st.stm32cube.ide.mcu.externaltools.gnu-tools-for-stm32.13.3.rel1.win32_1.0.0.202411081344/tools/bin/../lib/gcc/arm-none-eabi/13.3.1/../../../../arm-none-eabi/lib/thumb/v7-m/nofp\libm.a(libm_a-e_atan2.o)
 .rodata.CSWTCH.8
                0x08005698       0x18 E:/ST/STM32CubeIDE_1.18.0/STM32CubeIDE/plugins/com.st.stm32cube.ide.mcu.externaltools.gnu-tools-for-stm32.13.3.rel1.win32_1.0.0.202411081344/tools/bin/../lib/gcc/arm-none-eabi/13.3.1/../../../../arm-none-eabi/lib/thumb/v7-m/nofp\libm.a(libm_a-e_atan2.o)
 .rodata.atanlo
                0x080056b0       0x20 E:/ST/STM32CubeIDE_1.18.0/STM32CubeIDE/plugins/com.st.stm32cube.ide.mcu.externaltools.gnu-tools-for-stm32.13.3.rel1.win32_1.0.0.202411081344/tools/bin/../lib/gcc/arm-none-eabi/13.3.1/../../../../arm-none-eabi/lib/thumb/v7-m/nofp\libm.a(libm_a-s_atan.o)
 .rodata.atanhi
                0x080056d0       0x20 E:/ST/STM32CubeIDE_1.18.0/STM32CubeIDE/plugins/com.st.stm32cube.ide.mcu.externaltools.gnu-tools-for-stm32.13.3.rel1.win32_1.0.0.202411081344/tools/bin/../lib/gcc/arm-none-eabi/13.3.1/../../../../arm-none-eabi/lib/thumb/v7-m/nofp\libm.a(libm_a-s_atan.o)
                0x080056f0                        . = ALIGN (0x4)

.ARM.extab      0x080056f0        0x0
                0x080056f0                        . = ALIGN (0x4)
 *(.ARM.extab* .gnu.linkonce.armextab.*)
                0x080056f0                        . = ALIGN (0x4)

.ARM            0x080056f0        0x0
                0x080056f0                        . = ALIGN (0x4)
                0x080056f0                        __exidx_start = .
 *(.ARM.exidx*)
                0x080056f0                        __exidx_end = .
                0x080056f0                        . = ALIGN (0x4)

.preinit_array  0x080056f0        0x0
                0x080056f0                        . = ALIGN (0x4)
                0x080056f0                        PROVIDE (__preinit_array_start = .)
 *(.preinit_array*)
                0x080056f0                        PROVIDE (__preinit_array_end = .)
                0x080056f0                        . = ALIGN (0x4)

.init_array     0x080056f0        0x4
                0x080056f0                        . = ALIGN (0x4)
                0x080056f0                        PROVIDE (__init_array_start = .)
 *(SORT_BY_NAME(.init_array.*))
 *(.init_array*)
 .init_array    0x080056f0        0x4 E:/ST/STM32CubeIDE_1.18.0/STM32CubeIDE/plugins/com.st.stm32cube.ide.mcu.externaltools.gnu-tools-for-stm32.13.3.rel1.win32_1.0.0.202411081344/tools/bin/../lib/gcc/arm-none-eabi/13.3.1/thumb/v7-m/nofp/crtbegin.o
                0x080056f4                        PROVIDE (__init_array_end = .)
                0x080056f4                        . = ALIGN (0x4)

.fini_array     0x080056f4        0x4
                0x080056f4                        . = ALIGN (0x4)
                [!provide]                        PROVIDE (__fini_array_start = .)
 *(SORT_BY_NAME(.fini_array.*))
 *(.fini_array*)
 .fini_array    0x080056f4        0x4 E:/ST/STM32CubeIDE_1.18.0/STM32CubeIDE/plugins/com.st.stm32cube.ide.mcu.externaltools.gnu-tools-for-stm32.13.3.rel1.win32_1.0.0.202411081344/tools/bin/../lib/gcc/arm-none-eabi/13.3.1/thumb/v7-m/nofp/crtbegin.o
                [!provide]                        PROVIDE (__fini_array_end = .)
                0x080056f8                        . = ALIGN (0x4)
                0x080056f8                        _sidata = LOADADDR (.data)

.rel.dyn        0x080056f8        0x0
 .rel.iplt      0x080056f8        0x0 E:/ST/STM32CubeIDE_1.18.0/STM32CubeIDE/plugins/com.st.stm32cube.ide.mcu.externaltools.gnu-tools-for-stm32.13.3.rel1.win32_1.0.0.202411081344/tools/bin/../lib/gcc/arm-none-eabi/13.3.1/thumb/v7-m/nofp/crtbegin.o

.data           0x20000000       0x44 load address 0x080056f8
                0x20000000                        . = ALIGN (0x4)
                0x20000000                        _sdata = .
 *(.data)
 *(.data*)
 .data.st       0x20000000       0x38 ./Core/Src/inv_mpu.o
 .data.SystemCoreClock
                0x20000038        0x4 ./Core/Src/system_stm32f1xx.o
                0x20000038                SystemCoreClock
 .data.uwTickPrio
                0x2000003c        0x4 ./Drivers/STM32F1xx_HAL_Driver/Src/stm32f1xx_hal.o
                0x2000003c                uwTickPrio
 .data.uwTickFreq
                0x20000040        0x1 ./Drivers/STM32F1xx_HAL_Driver/Src/stm32f1xx_hal.o
                0x20000040                uwTickFreq
 *(.RamFunc)
 *(.RamFunc*)
                0x20000044                        . = ALIGN (0x4)
 *fill*         0x20000041        0x3 
                0x20000044                        _edata = .

.igot.plt       0x20000044        0x0 load address 0x0800573c
 .igot.plt      0x20000044        0x0 E:/ST/STM32CubeIDE_1.18.0/STM32CubeIDE/plugins/com.st.stm32cube.ide.mcu.externaltools.gnu-tools-for-stm32.13.3.rel1.win32_1.0.0.202411081344/tools/bin/../lib/gcc/arm-none-eabi/13.3.1/thumb/v7-m/nofp/crtbegin.o
                0x20000044                        . = ALIGN (0x4)

.bss            0x20000044       0xb0 load address 0x0800573c
                0x20000044                        _sbss = .
                0x20000044                        __bss_start__ = _sbss
 *(.bss)
 .bss           0x20000044       0x1c E:/ST/STM32CubeIDE_1.18.0/STM32CubeIDE/plugins/com.st.stm32cube.ide.mcu.externaltools.gnu-tools-for-stm32.13.3.rel1.win32_1.0.0.202411081344/tools/bin/../lib/gcc/arm-none-eabi/13.3.1/thumb/v7-m/nofp/crtbegin.o
 *(.bss*)
 .bss._aSense   0x20000060        0x2 ./Core/Src/MPU9250-DMP.o
                0x20000060                _aSense
 *fill*         0x20000062        0x2 
 .bss._gSense   0x20000064        0x4 ./Core/Src/MPU9250-DMP.o
                0x20000064                _gSense
 .bss.ax        0x20000068        0x4 ./Core/Src/MPU9250-DMP.o
                0x20000068                ax
 .bss.ay        0x2000006c        0x4 ./Core/Src/MPU9250-DMP.o
                0x2000006c                ay
 .bss.az        0x20000070        0x4 ./Core/Src/MPU9250-DMP.o
                0x20000070                az
 .bss.gx        0x20000074        0x4 ./Core/Src/MPU9250-DMP.o
                0x20000074                gx
 .bss.gy        0x20000078        0x4 ./Core/Src/MPU9250-DMP.o
                0x20000078                gy
 .bss.gz        0x2000007c        0x4 ./Core/Src/MPU9250-DMP.o
                0x2000007c                gz
 .bss.mx        0x20000080        0x4 ./Core/Src/MPU9250-DMP.o
                0x20000080                mx
 .bss.my        0x20000084        0x4 ./Core/Src/MPU9250-DMP.o
                0x20000084                my
 .bss.mz        0x20000088        0x4 ./Core/Src/MPU9250-DMP.o
                0x20000088                mz
 .bss.temperature
                0x2000008c        0x4 ./Core/Src/MPU9250-DMP.o
                0x2000008c                temperature
 .bss.time_inside
                0x20000090        0x4 ./Core/Src/MPU9250-DMP.o
                0x20000090                time_inside
 .bss.heading   0x20000094        0x4 ./Core/Src/MPU9250-DMP.o
                0x20000094                heading
 .bss.hi2c2     0x20000098       0x54 ./Core/Src/main.o
                0x20000098                hi2c2
 .bss.ax_calc   0x200000ec        0x4 ./Core/Src/main.o
                0x200000ec                ax_calc
 .bss.uwTick    0x200000f0        0x4 ./Drivers/STM32F1xx_HAL_Driver/Src/stm32f1xx_hal.o
                0x200000f0                uwTick
 *(COMMON)
                0x200000f4                        . = ALIGN (0x4)
                0x200000f4                        _ebss = .
                0x200000f4                        __bss_end__ = _ebss

._user_heap_stack
                0x200000f4      0x604 load address 0x0800573c
                0x200000f8                        . = ALIGN (0x8)
 *fill*         0x200000f4        0x4 
                [!provide]                        PROVIDE (end = .)
                0x200000f8                        PROVIDE (_end = .)
                0x200002f8                        . = (. + _Min_Heap_Size)
 *fill*         0x200000f8      0x200 
                0x200006f8                        . = (. + _Min_Stack_Size)
 *fill*         0x200002f8      0x400 
                0x200006f8                        . = ALIGN (0x8)

/DISCARD/
 libc.a(*)
 libm.a(*)
 libgcc.a(*)

.ARM.attributes
                0x00000000       0x29
 *(.ARM.attributes)
 .ARM.attributes
                0x00000000       0x1d E:/ST/STM32CubeIDE_1.18.0/STM32CubeIDE/plugins/com.st.stm32cube.ide.mcu.externaltools.gnu-tools-for-stm32.13.3.rel1.win32_1.0.0.202411081344/tools/bin/../lib/gcc/arm-none-eabi/13.3.1/thumb/v7-m/nofp/crti.o
 .ARM.attributes
                0x0000001d       0x2d E:/ST/STM32CubeIDE_1.18.0/STM32CubeIDE/plugins/com.st.stm32cube.ide.mcu.externaltools.gnu-tools-for-stm32.13.3.rel1.win32_1.0.0.202411081344/tools/bin/../lib/gcc/arm-none-eabi/13.3.1/thumb/v7-m/nofp/crtbegin.o
 .ARM.attributes
                0x0000004a       0x2d ./Core/Src/MPU9250-DMP.o
 .ARM.attributes
                0x00000077       0x2d ./Core/Src/inv_mpu.o
 .ARM.attributes
                0x000000a4       0x2d ./Core/Src/main.o
 .ARM.attributes
                0x000000d1       0x2d ./Core/Src/stm32_mpu9250_clk.o
 .ARM.attributes
                0x000000fe       0x2d ./Core/Src/stm32_mpu9250_i2c.o
 .ARM.attributes
                0x0000012b       0x2d ./Core/Src/stm32f1xx_hal_msp.o
 .ARM.attributes
                0x00000158       0x2d ./Core/Src/stm32f1xx_it.o
 .ARM.attributes
                0x00000185       0x2d ./Core/Src/system_stm32f1xx.o
 .ARM.attributes
                0x000001b2       0x21 ./Core/Startup/startup_stm32f103c8tx.o
 .ARM.attributes
                0x000001d3       0x2d ./Drivers/STM32F1xx_HAL_Driver/Src/stm32f1xx_hal.o
 .ARM.attributes
                0x00000200       0x2d ./Drivers/STM32F1xx_HAL_Driver/Src/stm32f1xx_hal_cortex.o
 .ARM.attributes
                0x0000022d       0x2d ./Drivers/STM32F1xx_HAL_Driver/Src/stm32f1xx_hal_gpio.o
 .ARM.attributes
                0x0000025a       0x2d ./Drivers/STM32F1xx_HAL_Driver/Src/stm32f1xx_hal_i2c.o
 .ARM.attributes
                0x00000287       0x2d ./Drivers/STM32F1xx_HAL_Driver/Src/stm32f1xx_hal_rcc.o
 .ARM.attributes
                0x000002b4       0x2d E:/ST/STM32CubeIDE_1.18.0/STM32CubeIDE/plugins/com.st.stm32cube.ide.mcu.externaltools.gnu-tools-for-stm32.13.3.rel1.win32_1.0.0.202411081344/tools/bin/../lib/gcc/arm-none-eabi/13.3.1/../../../../arm-none-eabi/lib/thumb/v7-m/nofp\libc_nano.a(libc_a-memset.o)
 .ARM.attributes
                0x000002e1       0x2d E:/ST/STM32CubeIDE_1.18.0/STM32CubeIDE/plugins/com.st.stm32cube.ide.mcu.externaltools.gnu-tools-for-stm32.13.3.rel1.win32_1.0.0.202411081344/tools/bin/../lib/gcc/arm-none-eabi/13.3.1/../../../../arm-none-eabi/lib/thumb/v7-m/nofp\libc_nano.a(libc_a-init.o)
 .ARM.attributes
                0x0000030e       0x2d E:/ST/STM32CubeIDE_1.18.0/STM32CubeIDE/plugins/com.st.stm32cube.ide.mcu.externaltools.gnu-tools-for-stm32.13.3.rel1.win32_1.0.0.202411081344/tools/bin/../lib/gcc/arm-none-eabi/13.3.1/../../../../arm-none-eabi/lib/thumb/v7-m/nofp\libm.a(libm_a-w_atan2.o)
 .ARM.attributes
                0x0000033b       0x2d E:/ST/STM32CubeIDE_1.18.0/STM32CubeIDE/plugins/com.st.stm32cube.ide.mcu.externaltools.gnu-tools-for-stm32.13.3.rel1.win32_1.0.0.202411081344/tools/bin/../lib/gcc/arm-none-eabi/13.3.1/../../../../arm-none-eabi/lib/thumb/v7-m/nofp\libm.a(libm_a-s_fabs.o)
 .ARM.attributes
                0x00000368       0x2d E:/ST/STM32CubeIDE_1.18.0/STM32CubeIDE/plugins/com.st.stm32cube.ide.mcu.externaltools.gnu-tools-for-stm32.13.3.rel1.win32_1.0.0.202411081344/tools/bin/../lib/gcc/arm-none-eabi/13.3.1/../../../../arm-none-eabi/lib/thumb/v7-m/nofp\libm.a(libm_a-e_atan2.o)
 .ARM.attributes
                0x00000395       0x2d E:/ST/STM32CubeIDE_1.18.0/STM32CubeIDE/plugins/com.st.stm32cube.ide.mcu.externaltools.gnu-tools-for-stm32.13.3.rel1.win32_1.0.0.202411081344/tools/bin/../lib/gcc/arm-none-eabi/13.3.1/../../../../arm-none-eabi/lib/thumb/v7-m/nofp\libm.a(libm_a-s_atan.o)
 .ARM.attributes
                0x000003c2       0x1d E:/ST/STM32CubeIDE_1.18.0/STM32CubeIDE/plugins/com.st.stm32cube.ide.mcu.externaltools.gnu-tools-for-stm32.13.3.rel1.win32_1.0.0.202411081344/tools/bin/../lib/gcc/arm-none-eabi/13.3.1/thumb/v7-m/nofp\libgcc.a(_arm_addsubdf3.o)
 .ARM.attributes
                0x000003df       0x1d E:/ST/STM32CubeIDE_1.18.0/STM32CubeIDE/plugins/com.st.stm32cube.ide.mcu.externaltools.gnu-tools-for-stm32.13.3.rel1.win32_1.0.0.202411081344/tools/bin/../lib/gcc/arm-none-eabi/13.3.1/thumb/v7-m/nofp\libgcc.a(_arm_muldivdf3.o)
 .ARM.attributes
                0x000003fc       0x1d E:/ST/STM32CubeIDE_1.18.0/STM32CubeIDE/plugins/com.st.stm32cube.ide.mcu.externaltools.gnu-tools-for-stm32.13.3.rel1.win32_1.0.0.202411081344/tools/bin/../lib/gcc/arm-none-eabi/13.3.1/thumb/v7-m/nofp\libgcc.a(_arm_cmpdf2.o)
 .ARM.attributes
                0x00000419       0x1d E:/ST/STM32CubeIDE_1.18.0/STM32CubeIDE/plugins/com.st.stm32cube.ide.mcu.externaltools.gnu-tools-for-stm32.13.3.rel1.win32_1.0.0.202411081344/tools/bin/../lib/gcc/arm-none-eabi/13.3.1/thumb/v7-m/nofp\libgcc.a(_arm_truncdfsf2.o)
 .ARM.attributes
                0x00000436       0x1d E:/ST/STM32CubeIDE_1.18.0/STM32CubeIDE/plugins/com.st.stm32cube.ide.mcu.externaltools.gnu-tools-for-stm32.13.3.rel1.win32_1.0.0.202411081344/tools/bin/../lib/gcc/arm-none-eabi/13.3.1/thumb/v7-m/nofp\libgcc.a(_arm_addsubsf3.o)
 .ARM.attributes
                0x00000453       0x1d E:/ST/STM32CubeIDE_1.18.0/STM32CubeIDE/plugins/com.st.stm32cube.ide.mcu.externaltools.gnu-tools-for-stm32.13.3.rel1.win32_1.0.0.202411081344/tools/bin/../lib/gcc/arm-none-eabi/13.3.1/thumb/v7-m/nofp\libgcc.a(_arm_muldivsf3.o)
 .ARM.attributes
                0x00000470       0x1d E:/ST/STM32CubeIDE_1.18.0/STM32CubeIDE/plugins/com.st.stm32cube.ide.mcu.externaltools.gnu-tools-for-stm32.13.3.rel1.win32_1.0.0.202411081344/tools/bin/../lib/gcc/arm-none-eabi/13.3.1/thumb/v7-m/nofp\libgcc.a(_arm_cmpsf2.o)
 .ARM.attributes
                0x0000048d       0x1d E:/ST/STM32CubeIDE_1.18.0/STM32CubeIDE/plugins/com.st.stm32cube.ide.mcu.externaltools.gnu-tools-for-stm32.13.3.rel1.win32_1.0.0.202411081344/tools/bin/../lib/gcc/arm-none-eabi/13.3.1/thumb/v7-m/nofp\libgcc.a(_arm_fixsfsi.o)
 .ARM.attributes
                0x000004aa       0x1d E:/ST/STM32CubeIDE_1.18.0/STM32CubeIDE/plugins/com.st.stm32cube.ide.mcu.externaltools.gnu-tools-for-stm32.13.3.rel1.win32_1.0.0.202411081344/tools/bin/../lib/gcc/arm-none-eabi/13.3.1/thumb/v7-m/nofp/crtn.o
OUTPUT(MPU9250_w_Librar.elf elf32-littlearm)
LOAD linker stubs
LOAD E:/ST/STM32CubeIDE_1.18.0/STM32CubeIDE/plugins/com.st.stm32cube.ide.mcu.externaltools.gnu-tools-for-stm32.13.3.rel1.win32_1.0.0.202411081344/tools/bin/../lib/gcc/arm-none-eabi/13.3.1/../../../../arm-none-eabi/lib/thumb/v7-m/nofp\libc.a
LOAD E:/ST/STM32CubeIDE_1.18.0/STM32CubeIDE/plugins/com.st.stm32cube.ide.mcu.externaltools.gnu-tools-for-stm32.13.3.rel1.win32_1.0.0.202411081344/tools/bin/../lib/gcc/arm-none-eabi/13.3.1/../../../../arm-none-eabi/lib/thumb/v7-m/nofp\libm.a
LOAD E:/ST/STM32CubeIDE_1.18.0/STM32CubeIDE/plugins/com.st.stm32cube.ide.mcu.externaltools.gnu-tools-for-stm32.13.3.rel1.win32_1.0.0.202411081344/tools/bin/../lib/gcc/arm-none-eabi/13.3.1/thumb/v7-m/nofp\libgcc.a

.debug_info     0x00000000     0x9504
 .debug_info    0x00000000     0x179e ./Core/Src/MPU9250-DMP.o
 .debug_info    0x0000179e     0x1a41 ./Core/Src/inv_mpu.o
 .debug_info    0x000031df      0x94f ./Core/Src/main.o
 .debug_info    0x00003b2e      0x104 ./Core/Src/stm32_mpu9250_clk.o
 .debug_info    0x00003c32      0x908 ./Core/Src/stm32_mpu9250_i2c.o
 .debug_info    0x0000453a      0x845 ./Core/Src/stm32f1xx_hal_msp.o
 .debug_info    0x00004d7f      0x113 ./Core/Src/stm32f1xx_it.o
 .debug_info    0x00004e92      0x222 ./Core/Src/system_stm32f1xx.o
 .debug_info    0x000050b4       0x30 ./Core/Startup/startup_stm32f103c8tx.o
 .debug_info    0x000050e4      0x704 ./Drivers/STM32F1xx_HAL_Driver/Src/stm32f1xx_hal.o
 .debug_info    0x000057e8      0xa87 ./Drivers/STM32F1xx_HAL_Driver/Src/stm32f1xx_hal_cortex.o
 .debug_info    0x0000626f      0x5ab ./Drivers/STM32F1xx_HAL_Driver/Src/stm32f1xx_hal_gpio.o
 .debug_info    0x0000681a     0x2515 ./Drivers/STM32F1xx_HAL_Driver/Src/stm32f1xx_hal_i2c.o
 .debug_info    0x00008d2f      0x7d5 ./Drivers/STM32F1xx_HAL_Driver/Src/stm32f1xx_hal_rcc.o

.debug_abbrev   0x00000000     0x1a24
 .debug_abbrev  0x00000000      0x305 ./Core/Src/MPU9250-DMP.o
 .debug_abbrev  0x00000305      0x249 ./Core/Src/inv_mpu.o
 .debug_abbrev  0x0000054e      0x270 ./Core/Src/main.o
 .debug_abbrev  0x000007be       0xa6 ./Core/Src/stm32_mpu9250_clk.o
 .debug_abbrev  0x00000864      0x22e ./Core/Src/stm32_mpu9250_i2c.o
 .debug_abbrev  0x00000a92      0x1a3 ./Core/Src/stm32f1xx_hal_msp.o
 .debug_abbrev  0x00000c35       0x73 ./Core/Src/stm32f1xx_it.o
 .debug_abbrev  0x00000ca8      0x13f ./Core/Src/system_stm32f1xx.o
 .debug_abbrev  0x00000de7       0x24 ./Core/Startup/startup_stm32f103c8tx.o
 .debug_abbrev  0x00000e0b      0x201 ./Drivers/STM32F1xx_HAL_Driver/Src/stm32f1xx_hal.o
 .debug_abbrev  0x0000100c      0x2f8 ./Drivers/STM32F1xx_HAL_Driver/Src/stm32f1xx_hal_cortex.o
 .debug_abbrev  0x00001304      0x1ca ./Drivers/STM32F1xx_HAL_Driver/Src/stm32f1xx_hal_gpio.o
 .debug_abbrev  0x000014ce      0x2a3 ./Drivers/STM32F1xx_HAL_Driver/Src/stm32f1xx_hal_i2c.o
 .debug_abbrev  0x00001771      0x2b3 ./Drivers/STM32F1xx_HAL_Driver/Src/stm32f1xx_hal_rcc.o

.debug_aranges  0x00000000      0xad8
 .debug_aranges
                0x00000000      0x218 ./Core/Src/MPU9250-DMP.o
 .debug_aranges
                0x00000218      0x1d0 ./Core/Src/inv_mpu.o
 .debug_aranges
                0x000003e8       0x40 ./Core/Src/main.o
 .debug_aranges
                0x00000428       0x28 ./Core/Src/stm32_mpu9250_clk.o
 .debug_aranges
                0x00000450       0x38 ./Core/Src/stm32_mpu9250_i2c.o
 .debug_aranges
                0x00000488       0x30 ./Core/Src/stm32f1xx_hal_msp.o
 .debug_aranges
                0x000004b8       0x60 ./Core/Src/stm32f1xx_it.o
 .debug_aranges
                0x00000518       0x28 ./Core/Src/system_stm32f1xx.o
 .debug_aranges
                0x00000540       0x28 ./Core/Startup/startup_stm32f103c8tx.o
 .debug_aranges
                0x00000568       0xe0 ./Drivers/STM32F1xx_HAL_Driver/Src/stm32f1xx_hal.o
 .debug_aranges
                0x00000648      0x100 ./Drivers/STM32F1xx_HAL_Driver/Src/stm32f1xx_hal_cortex.o
 .debug_aranges
                0x00000748       0x58 ./Drivers/STM32F1xx_HAL_Driver/Src/stm32f1xx_hal_gpio.o
 .debug_aranges
                0x000007a0      0x2a8 ./Drivers/STM32F1xx_HAL_Driver/Src/stm32f1xx_hal_i2c.o
 .debug_aranges
                0x00000a48       0x90 ./Drivers/STM32F1xx_HAL_Driver/Src/stm32f1xx_hal_rcc.o

.debug_rnglists
                0x00000000      0x87f
 .debug_rnglists
                0x00000000      0x195 ./Core/Src/MPU9250-DMP.o
 .debug_rnglists
                0x00000195      0x1a4 ./Core/Src/inv_mpu.o
 .debug_rnglists
                0x00000339       0x2b ./Core/Src/main.o
 .debug_rnglists
                0x00000364       0x19 ./Core/Src/stm32_mpu9250_clk.o
 .debug_rnglists
                0x0000037d       0x27 ./Core/Src/stm32_mpu9250_i2c.o
 .debug_rnglists
                0x000003a4       0x20 ./Core/Src/stm32f1xx_hal_msp.o
 .debug_rnglists
                0x000003c4       0x43 ./Core/Src/stm32f1xx_it.o
 .debug_rnglists
                0x00000407       0x1a ./Core/Src/system_stm32f1xx.o
 .debug_rnglists
                0x00000421       0x19 ./Core/Startup/startup_stm32f103c8tx.o
 .debug_rnglists
                0x0000043a       0xa3 ./Drivers/STM32F1xx_HAL_Driver/Src/stm32f1xx_hal.o
 .debug_rnglists
                0x000004dd       0xbb ./Drivers/STM32F1xx_HAL_Driver/Src/stm32f1xx_hal_cortex.o
 .debug_rnglists
                0x00000598       0x3f ./Drivers/STM32F1xx_HAL_Driver/Src/stm32f1xx_hal_gpio.o
 .debug_rnglists
                0x000005d7      0x23c ./Drivers/STM32F1xx_HAL_Driver/Src/stm32f1xx_hal_i2c.o
 .debug_rnglists
                0x00000813       0x6c ./Drivers/STM32F1xx_HAL_Driver/Src/stm32f1xx_hal_rcc.o

.debug_macro    0x00000000    0x17a56
 .debug_macro   0x00000000      0x28a ./Core/Src/MPU9250-DMP.o
 .debug_macro   0x0000028a      0xacc ./Core/Src/MPU9250-DMP.o
 .debug_macro   0x00000d56      0x215 ./Core/Src/MPU9250-DMP.o
 .debug_macro   0x00000f6b       0x2e ./Core/Src/MPU9250-DMP.o
 .debug_macro   0x00000f99       0x22 ./Core/Src/MPU9250-DMP.o
 .debug_macro   0x00000fbb       0x22 ./Core/Src/MPU9250-DMP.o
 .debug_macro   0x00000fdd       0x8e ./Core/Src/MPU9250-DMP.o
 .debug_macro   0x0000106b       0x51 ./Core/Src/MPU9250-DMP.o
 .debug_macro   0x000010bc      0x103 ./Core/Src/MPU9250-DMP.o
 .debug_macro   0x000011bf       0x6a ./Core/Src/MPU9250-DMP.o
 .debug_macro   0x00001229      0x1df ./Core/Src/MPU9250-DMP.o
 .debug_macro   0x00001408       0x1c ./Core/Src/MPU9250-DMP.o
 .debug_macro   0x00001424       0x22 ./Core/Src/MPU9250-DMP.o
 .debug_macro   0x00001446       0xbd ./Core/Src/MPU9250-DMP.o
 .debug_macro   0x00001503      0xd23 ./Core/Src/MPU9250-DMP.o
 .debug_macro   0x00002226     0xe09e ./Core/Src/MPU9250-DMP.o
 .debug_macro   0x000102c4       0x6d ./Core/Src/MPU9250-DMP.o
 .debug_macro   0x00010331     0x348d ./Core/Src/MPU9250-DMP.o
 .debug_macro   0x000137be      0x190 ./Core/Src/MPU9250-DMP.o
 .debug_macro   0x0001394e       0x5c ./Core/Src/MPU9250-DMP.o
 .debug_macro   0x000139aa      0x5bc ./Core/Src/MPU9250-DMP.o
 .debug_macro   0x00013f66      0x289 ./Core/Src/MPU9250-DMP.o
 .debug_macro   0x000141ef      0x1cb ./Core/Src/MPU9250-DMP.o
 .debug_macro   0x000143ba      0x114 ./Core/Src/MPU9250-DMP.o
 .debug_macro   0x000144ce      0x1b2 ./Core/Src/MPU9250-DMP.o
 .debug_macro   0x00014680       0x27 ./Core/Src/MPU9250-DMP.o
 .debug_macro   0x000146a7      0x136 ./Core/Src/MPU9250-DMP.o
 .debug_macro   0x000147dd      0x1bc ./Core/Src/MPU9250-DMP.o
 .debug_macro   0x00014999       0x34 ./Core/Src/MPU9250-DMP.o
 .debug_macro   0x000149cd       0x3c ./Core/Src/MPU9250-DMP.o
 .debug_macro   0x00014a09       0x57 ./Core/Src/MPU9250-DMP.o
 .debug_macro   0x00014a60       0x87 ./Core/Src/MPU9250-DMP.o
 .debug_macro   0x00014ae7      0x240 ./Core/Src/MPU9250-DMP.o
 .debug_macro   0x00014d27      0x287 ./Core/Src/MPU9250-DMP.o
 .debug_macro   0x00014fae      0x140 ./Core/Src/MPU9250-DMP.o
 .debug_macro   0x000150ee       0x83 ./Core/Src/MPU9250-DMP.o
 .debug_macro   0x00015171       0x1c ./Core/Src/MPU9250-DMP.o
 .debug_macro   0x0001518d       0x22 ./Core/Src/MPU9250-DMP.o
 .debug_macro   0x000151af       0x16 ./Core/Src/MPU9250-DMP.o
 .debug_macro   0x000151c5       0x82 ./Core/Src/MPU9250-DMP.o
 .debug_macro   0x00015247       0xa6 ./Core/Src/MPU9250-DMP.o
 .debug_macro   0x000152ed       0x7c ./Core/Src/MPU9250-DMP.o
 .debug_macro   0x00015369       0x40 ./Core/Src/MPU9250-DMP.o
 .debug_macro   0x000153a9       0x61 ./Core/Src/MPU9250-DMP.o
 .debug_macro   0x0001540a       0x24 ./Core/Src/MPU9250-DMP.o
 .debug_macro   0x0001542e       0x43 ./Core/Src/MPU9250-DMP.o
 .debug_macro   0x00015471       0x34 ./Core/Src/MPU9250-DMP.o
 .debug_macro   0x000154a5      0x370 ./Core/Src/MPU9250-DMP.o
 .debug_macro   0x00015815       0x16 ./Core/Src/MPU9250-DMP.o
 .debug_macro   0x0001582b       0x4a ./Core/Src/MPU9250-DMP.o
 .debug_macro   0x00015875       0x34 ./Core/Src/MPU9250-DMP.o
 .debug_macro   0x000158a9       0x10 ./Core/Src/MPU9250-DMP.o
 .debug_macro   0x000158b9       0x58 ./Core/Src/MPU9250-DMP.o
 .debug_macro   0x00015911       0x8e ./Core/Src/MPU9250-DMP.o
 .debug_macro   0x0001599f       0x1c ./Core/Src/MPU9250-DMP.o
 .debug_macro   0x000159bb      0x185 ./Core/Src/MPU9250-DMP.o
 .debug_macro   0x00015b40      0x19b ./Core/Src/MPU9250-DMP.o
 .debug_macro   0x00015cdb      0x50f ./Core/Src/inv_mpu.o
 .debug_macro   0x000161ea       0x5b ./Core/Src/inv_mpu.o
 .debug_macro   0x00016245       0x94 ./Core/Src/inv_mpu.o
 .debug_macro   0x000162d9       0x16 ./Core/Src/inv_mpu.o
 .debug_macro   0x000162ef       0x57 ./Core/Src/inv_mpu.o
 .debug_macro   0x00016346       0x9e ./Core/Src/inv_mpu.o
 .debug_macro   0x000163e4      0x112 ./Core/Src/inv_mpu.o
 .debug_macro   0x000164f6       0x10 ./Core/Src/inv_mpu.o
 .debug_macro   0x00016506       0x16 ./Core/Src/inv_mpu.o
 .debug_macro   0x0001651c       0x16 ./Core/Src/inv_mpu.o
 .debug_macro   0x00016532      0x146 ./Core/Src/inv_mpu.o
 .debug_macro   0x00016678       0x16 ./Core/Src/inv_mpu.o
 .debug_macro   0x0001668e       0x3c ./Core/Src/inv_mpu.o
 .debug_macro   0x000166ca       0x16 ./Core/Src/inv_mpu.o
 .debug_macro   0x000166e0       0x29 ./Core/Src/inv_mpu.o
 .debug_macro   0x00016709       0x16 ./Core/Src/inv_mpu.o
 .debug_macro   0x0001671f       0x20 ./Core/Src/inv_mpu.o
 .debug_macro   0x0001673f       0x56 ./Core/Src/inv_mpu.o
 .debug_macro   0x00016795      0x1d4 ./Core/Src/main.o
 .debug_macro   0x00016969      0x1a7 ./Core/Src/stm32_mpu9250_clk.o
 .debug_macro   0x00016b10      0x1bf ./Core/Src/stm32_mpu9250_i2c.o
 .debug_macro   0x00016ccf      0x19d ./Core/Src/stm32f1xx_hal_msp.o
 .debug_macro   0x00016e6c      0x1a7 ./Core/Src/stm32f1xx_it.o
 .debug_macro   0x00017013      0x18e ./Core/Src/system_stm32f1xx.o
 .debug_macro   0x000171a1      0x1b2 ./Drivers/STM32F1xx_HAL_Driver/Src/stm32f1xx_hal.o
 .debug_macro   0x00017353      0x18e ./Drivers/STM32F1xx_HAL_Driver/Src/stm32f1xx_hal_cortex.o
 .debug_macro   0x000174e1      0x1f9 ./Drivers/STM32F1xx_HAL_Driver/Src/stm32f1xx_hal_gpio.o
 .debug_macro   0x000176da      0x1dc ./Drivers/STM32F1xx_HAL_Driver/Src/stm32f1xx_hal_i2c.o
 .debug_macro   0x000178b6      0x1a0 ./Drivers/STM32F1xx_HAL_Driver/Src/stm32f1xx_hal_rcc.o

.debug_line     0x00000000     0xd238
 .debug_line    0x00000000     0x13c4 ./Core/Src/MPU9250-DMP.o
 .debug_line    0x000013c4     0x2947 ./Core/Src/inv_mpu.o
 .debug_line    0x00003d0b      0x7f3 ./Core/Src/main.o
 .debug_line    0x000044fe      0x700 ./Core/Src/stm32_mpu9250_clk.o
 .debug_line    0x00004bfe      0x7dc ./Core/Src/stm32_mpu9250_i2c.o
 .debug_line    0x000053da      0x715 ./Core/Src/stm32f1xx_hal_msp.o
 .debug_line    0x00005aef      0x779 ./Core/Src/stm32f1xx_it.o
 .debug_line    0x00006268      0x749 ./Core/Src/system_stm32f1xx.o
 .debug_line    0x000069b1       0x78 ./Core/Startup/startup_stm32f103c8tx.o
 .debug_line    0x00006a29      0x97a ./Drivers/STM32F1xx_HAL_Driver/Src/stm32f1xx_hal.o
 .debug_line    0x000073a3      0xb44 ./Drivers/STM32F1xx_HAL_Driver/Src/stm32f1xx_hal_cortex.o
 .debug_line    0x00007ee7      0x9d7 ./Drivers/STM32F1xx_HAL_Driver/Src/stm32f1xx_hal_gpio.o
 .debug_line    0x000088be     0x3b47 ./Drivers/STM32F1xx_HAL_Driver/Src/stm32f1xx_hal_i2c.o
 .debug_line    0x0000c405      0xe33 ./Drivers/STM32F1xx_HAL_Driver/Src/stm32f1xx_hal_rcc.o

.debug_str      0x00000000    0x85380
 .debug_str     0x00000000    0x85380 ./Core/Src/MPU9250-DMP.o
                              0x81bd2 (size before relaxing)
 .debug_str     0x00085380    0x81d5a ./Core/Src/inv_mpu.o
 .debug_str     0x00085380    0x7d42a ./Core/Src/main.o
 .debug_str     0x00085380    0x7c67a ./Core/Src/stm32_mpu9250_clk.o
 .debug_str     0x00085380    0x7cd0f ./Core/Src/stm32_mpu9250_i2c.o
 .debug_str     0x00085380    0x7cba2 ./Core/Src/stm32f1xx_hal_msp.o
 .debug_str     0x00085380    0x7c6b3 ./Core/Src/stm32f1xx_it.o
 .debug_str     0x00085380    0x7c669 ./Core/Src/system_stm32f1xx.o
 .debug_str     0x00085380       0x8a ./Core/Startup/startup_stm32f103c8tx.o
 .debug_str     0x00085380    0x7cd9c ./Drivers/STM32F1xx_HAL_Driver/Src/stm32f1xx_hal.o
 .debug_str     0x00085380    0x7cce8 ./Drivers/STM32F1xx_HAL_Driver/Src/stm32f1xx_hal_cortex.o
 .debug_str     0x00085380    0x7c9ef ./Drivers/STM32F1xx_HAL_Driver/Src/stm32f1xx_hal_gpio.o
 .debug_str     0x00085380    0x7d730 ./Drivers/STM32F1xx_HAL_Driver/Src/stm32f1xx_hal_i2c.o
 .debug_str     0x00085380    0x7ca98 ./Drivers/STM32F1xx_HAL_Driver/Src/stm32f1xx_hal_rcc.o

.comment        0x00000000       0x43
 .comment       0x00000000       0x43 ./Core/Src/MPU9250-DMP.o
                                 0x44 (size before relaxing)
 .comment       0x00000043       0x44 ./Core/Src/inv_mpu.o
 .comment       0x00000043       0x44 ./Core/Src/main.o
 .comment       0x00000043       0x44 ./Core/Src/stm32_mpu9250_clk.o
 .comment       0x00000043       0x44 ./Core/Src/stm32_mpu9250_i2c.o
 .comment       0x00000043       0x44 ./Core/Src/stm32f1xx_hal_msp.o
 .comment       0x00000043       0x44 ./Core/Src/stm32f1xx_it.o
 .comment       0x00000043       0x44 ./Core/Src/system_stm32f1xx.o
 .comment       0x00000043       0x44 ./Drivers/STM32F1xx_HAL_Driver/Src/stm32f1xx_hal.o
 .comment       0x00000043       0x44 ./Drivers/STM32F1xx_HAL_Driver/Src/stm32f1xx_hal_cortex.o
 .comment       0x00000043       0x44 ./Drivers/STM32F1xx_HAL_Driver/Src/stm32f1xx_hal_gpio.o
 .comment       0x00000043       0x44 ./Drivers/STM32F1xx_HAL_Driver/Src/stm32f1xx_hal_i2c.o
 .comment       0x00000043       0x44 ./Drivers/STM32F1xx_HAL_Driver/Src/stm32f1xx_hal_rcc.o

.debug_frame    0x00000000     0x3080
 .debug_frame   0x00000000      0x90c ./Core/Src/MPU9250-DMP.o
 .debug_frame   0x0000090c      0x844 ./Core/Src/inv_mpu.o
 .debug_frame   0x00001150       0xac ./Core/Src/main.o
 .debug_frame   0x000011fc       0x58 ./Core/Src/stm32_mpu9250_clk.o
 .debug_frame   0x00001254       0xac ./Core/Src/stm32_mpu9250_i2c.o
 .debug_frame   0x00001300       0x80 ./Core/Src/stm32f1xx_hal_msp.o
 .debug_frame   0x00001380      0x104 ./Core/Src/stm32f1xx_it.o
 .debug_frame   0x00001484       0x58 ./Core/Src/system_stm32f1xx.o
 .debug_frame   0x000014dc      0x334 ./Drivers/STM32F1xx_HAL_Driver/Src/stm32f1xx_hal.o
 .debug_frame   0x00001810      0x428 ./Drivers/STM32F1xx_HAL_Driver/Src/stm32f1xx_hal_cortex.o
 .debug_frame   0x00001c38      0x14c ./Drivers/STM32F1xx_HAL_Driver/Src/stm32f1xx_hal_gpio.o
 .debug_frame   0x00001d84      0xc84 ./Drivers/STM32F1xx_HAL_Driver/Src/stm32f1xx_hal_i2c.o
 .debug_frame   0x00002a08      0x218 ./Drivers/STM32F1xx_HAL_Driver/Src/stm32f1xx_hal_rcc.o
 .debug_frame   0x00002c20       0x20 E:/ST/STM32CubeIDE_1.18.0/STM32CubeIDE/plugins/com.st.stm32cube.ide.mcu.externaltools.gnu-tools-for-stm32.13.3.rel1.win32_1.0.0.202411081344/tools/bin/../lib/gcc/arm-none-eabi/13.3.1/../../../../arm-none-eabi/lib/thumb/v7-m/nofp\libc_nano.a(libc_a-memset.o)
 .debug_frame   0x00002c40       0x2c E:/ST/STM32CubeIDE_1.18.0/STM32CubeIDE/plugins/com.st.stm32cube.ide.mcu.externaltools.gnu-tools-for-stm32.13.3.rel1.win32_1.0.0.202411081344/tools/bin/../lib/gcc/arm-none-eabi/13.3.1/../../../../arm-none-eabi/lib/thumb/v7-m/nofp\libc_nano.a(libc_a-init.o)
 .debug_frame   0x00002c6c       0x20 E:/ST/STM32CubeIDE_1.18.0/STM32CubeIDE/plugins/com.st.stm32cube.ide.mcu.externaltools.gnu-tools-for-stm32.13.3.rel1.win32_1.0.0.202411081344/tools/bin/../lib/gcc/arm-none-eabi/13.3.1/../../../../arm-none-eabi/lib/thumb/v7-m/nofp\libm.a(libm_a-w_atan2.o)
 .debug_frame   0x00002c8c       0x20 E:/ST/STM32CubeIDE_1.18.0/STM32CubeIDE/plugins/com.st.stm32cube.ide.mcu.externaltools.gnu-tools-for-stm32.13.3.rel1.win32_1.0.0.202411081344/tools/bin/../lib/gcc/arm-none-eabi/13.3.1/../../../../arm-none-eabi/lib/thumb/v7-m/nofp\libm.a(libm_a-s_fabs.o)
 .debug_frame   0x00002cac       0x48 E:/ST/STM32CubeIDE_1.18.0/STM32CubeIDE/plugins/com.st.stm32cube.ide.mcu.externaltools.gnu-tools-for-stm32.13.3.rel1.win32_1.0.0.202411081344/tools/bin/../lib/gcc/arm-none-eabi/13.3.1/../../../../arm-none-eabi/lib/thumb/v7-m/nofp\libm.a(libm_a-e_atan2.o)
 .debug_frame   0x00002cf4       0x38 E:/ST/STM32CubeIDE_1.18.0/STM32CubeIDE/plugins/com.st.stm32cube.ide.mcu.externaltools.gnu-tools-for-stm32.13.3.rel1.win32_1.0.0.202411081344/tools/bin/../lib/gcc/arm-none-eabi/13.3.1/../../../../arm-none-eabi/lib/thumb/v7-m/nofp\libm.a(libm_a-s_atan.o)
 .debug_frame   0x00002d2c       0xac E:/ST/STM32CubeIDE_1.18.0/STM32CubeIDE/plugins/com.st.stm32cube.ide.mcu.externaltools.gnu-tools-for-stm32.13.3.rel1.win32_1.0.0.202411081344/tools/bin/../lib/gcc/arm-none-eabi/13.3.1/thumb/v7-m/nofp\libgcc.a(_arm_addsubdf3.o)
 .debug_frame   0x00002dd8       0x50 E:/ST/STM32CubeIDE_1.18.0/STM32CubeIDE/plugins/com.st.stm32cube.ide.mcu.externaltools.gnu-tools-for-stm32.13.3.rel1.win32_1.0.0.202411081344/tools/bin/../lib/gcc/arm-none-eabi/13.3.1/thumb/v7-m/nofp\libgcc.a(_arm_muldivdf3.o)
 .debug_frame   0x00002e28       0xc4 E:/ST/STM32CubeIDE_1.18.0/STM32CubeIDE/plugins/com.st.stm32cube.ide.mcu.externaltools.gnu-tools-for-stm32.13.3.rel1.win32_1.0.0.202411081344/tools/bin/../lib/gcc/arm-none-eabi/13.3.1/thumb/v7-m/nofp\libgcc.a(_arm_cmpdf2.o)
 .debug_frame   0x00002eec       0x24 E:/ST/STM32CubeIDE_1.18.0/STM32CubeIDE/plugins/com.st.stm32cube.ide.mcu.externaltools.gnu-tools-for-stm32.13.3.rel1.win32_1.0.0.202411081344/tools/bin/../lib/gcc/arm-none-eabi/13.3.1/thumb/v7-m/nofp\libgcc.a(_arm_truncdfsf2.o)
 .debug_frame   0x00002f10       0x4c E:/ST/STM32CubeIDE_1.18.0/STM32CubeIDE/plugins/com.st.stm32cube.ide.mcu.externaltools.gnu-tools-for-stm32.13.3.rel1.win32_1.0.0.202411081344/tools/bin/../lib/gcc/arm-none-eabi/13.3.1/thumb/v7-m/nofp\libgcc.a(_arm_addsubsf3.o)
 .debug_frame   0x00002f5c       0x38 E:/ST/STM32CubeIDE_1.18.0/STM32CubeIDE/plugins/com.st.stm32cube.ide.mcu.externaltools.gnu-tools-for-stm32.13.3.rel1.win32_1.0.0.202411081344/tools/bin/../lib/gcc/arm-none-eabi/13.3.1/thumb/v7-m/nofp\libgcc.a(_arm_muldivsf3.o)
 .debug_frame   0x00002f94       0xc8 E:/ST/STM32CubeIDE_1.18.0/STM32CubeIDE/plugins/com.st.stm32cube.ide.mcu.externaltools.gnu-tools-for-stm32.13.3.rel1.win32_1.0.0.202411081344/tools/bin/../lib/gcc/arm-none-eabi/13.3.1/thumb/v7-m/nofp\libgcc.a(_arm_cmpsf2.o)
 .debug_frame   0x0000305c       0x24 E:/ST/STM32CubeIDE_1.18.0/STM32CubeIDE/plugins/com.st.stm32cube.ide.mcu.externaltools.gnu-tools-for-stm32.13.3.rel1.win32_1.0.0.202411081344/tools/bin/../lib/gcc/arm-none-eabi/13.3.1/thumb/v7-m/nofp\libgcc.a(_arm_fixsfsi.o)

.debug_line_str
                0x00000000       0x6e
 .debug_line_str
                0x00000000       0x6e ./Core/Startup/startup_stm32f103c8tx.o
