../Core/Src/MPU9250-DMP.c:28:9:MPU9250_constrain	16	static
../Core/Src/MPU9250-DMP.c:33:10:MPU9250_constrainU16	16	static
../Core/Src/MPU9250-DMP.c:38:5:MPU9250_DMP	4	static
../Core/Src/MPU9250-DMP.c:46:13:MPU9250_begin	16	static
../Core/Src/MPU9250-DMP.c:68:13:MPU9250_enableInterrupt	16	static
../Core/Src/MPU9250-DMP.c:73:13:MPU9250_setIntLevel	16	static
../Core/Src/MPU9250-DMP.c:78:13:MPU9250_setIntLatched	16	static
../Core/Src/MPU9250-DMP.c:83:7:MPU9250_getIntStatus	16	static
../Core/Src/MPU9250-DMP.c:97:13:MPU9250_lowPowerAccel	16	static
../Core/Src/MPU9250-DMP.c:102:13:MPU9250_setGyroFSR	24	static
../Core/Src/MPU9250-DMP.c:113:13:MPU9250_setAccelFSR	24	static
../Core/Src/MPU9250-DMP.c:124:16:MPU9250_getGyroFSR	16	static
../Core/Src/MPU9250-DMP.c:134:15:MPU9250_getAccelFSR	16	static
../Core/Src/MPU9250-DMP.c:144:16:MPU9250_getMagFSR	16	static
../Core/Src/MPU9250-DMP.c:154:13:MPU9250_setLPF	16	static
../Core/Src/MPU9250-DMP.c:159:16:MPU9250_getLPF	16	static
../Core/Src/MPU9250-DMP.c:169:13:MPU9250_setSampleRate	16	static
../Core/Src/MPU9250-DMP.c:174:16:MPU9250_getSampleRate	16	static
../Core/Src/MPU9250-DMP.c:184:13:MPU9250_setCompassSampleRate	16	static
../Core/Src/MPU9250-DMP.c:189:16:MPU9250_getCompassSampleRate	16	static
../Core/Src/MPU9250-DMP.c:200:7:MPU9250_getGyroSens	16	static
../Core/Src/MPU9250-DMP.c:210:16:MPU9250_getAccelSens	16	static
../Core/Src/MPU9250-DMP.c:220:7:MPU9250_getMagSens	4	static
../Core/Src/MPU9250-DMP.c:225:15:MPU9250_getFifoConfig	16	static
../Core/Src/MPU9250-DMP.c:235:13:MPU9250_configureFifo	16	static
../Core/Src/MPU9250-DMP.c:240:13:MPU9250_resetFifo	8	static
../Core/Src/MPU9250-DMP.c:245:16:MPU9250_fifoAvailable	16	static
../Core/Src/MPU9250-DMP.c:257:13:MPU9250_updateFifo	48	static
../Core/Src/MPU9250-DMP.c:284:13:MPU9250_setSensors	16	static
../Core/Src/MPU9250-DMP.c:289:6:MPU9250_dataReady	16	static
../Core/Src/MPU9250-DMP.c:300:13:MPU9250_update	32	static
../Core/Src/MPU9250-DMP.c:319:5:MPU9250_updateAccel	16	static
../Core/Src/MPU9250-DMP.c:333:5:MPU9250_updateGyro	16	static
../Core/Src/MPU9250-DMP.c:347:5:MPU9250_updateCompass	16	static
../Core/Src/MPU9250-DMP.c:361:13:MPU9250_updateTemperature	8	static
../Core/Src/MPU9250-DMP.c:366:5:MPU9250_selfTest	40	static
../Core/Src/MPU9250-DMP.c:372:13:MPU9250_dmpBegin	24	static
../Core/Src/MPU9250-DMP.c:403:13:MPU9250_dmpLoad	8	static
../Core/Src/MPU9250-DMP.c:408:16:MPU9250_dmpGetFifoRate	16	static
../Core/Src/MPU9250-DMP.c:417:13:MPU9250_dmpSetFifoRate	16	static
../Core/Src/MPU9250-DMP.c:423:13:MPU9250_dmpUpdateFifo	64	static
../Core/Src/MPU9250-DMP.c:463:13:MPU9250_dmpEnableFeatures	24	static
../Core/Src/MPU9250-DMP.c:473:16:MPU9250_dmpGetEnabledFeatures	16	static
../Core/Src/MPU9250-DMP.c:481:13:MPU9250_dmpSetTap	32	static
../Core/Src/MPU9250-DMP.c:521:15:MPU9250_getTapDir	4	static
../Core/Src/MPU9250-DMP.c:527:15:MPU9250_getTapCount	4	static
../Core/Src/MPU9250-DMP.c:533:6:MPU9250_tapAvailable	4	static
../Core/Src/MPU9250-DMP.c:538:13:MPU9250_dmpSetOrientation	24	static
../Core/Src/MPU9250-DMP.c:550:15:MPU9250_dmpGetOrientation	4	static
../Core/Src/MPU9250-DMP.c:555:13:MPU9250_dmpEnable3Quat	16	static
../Core/Src/MPU9250-DMP.c:570:15:MPU9250_dmpGetPedometerSteps	16	static
../Core/Src/MPU9250-DMP.c:580:13:MPU9250_dmpSetPedometerSteps	16	static
../Core/Src/MPU9250-DMP.c:585:15:MPU9250_dmpGetPedometerTime	16	static
../Core/Src/MPU9250-DMP.c:595:13:MPU9250_dmpSetPedometerTime	16	static
../Core/Src/MPU9250-DMP.c:600:7:MPU9250_calcAccel	24	static
../Core/Src/MPU9250-DMP.c:608:7:MPU9250_calcGyro	16	static
../Core/Src/MPU9250-DMP.c:616:7:MPU9250_calcMag	16	static
../Core/Src/MPU9250-DMP.c:624:7:MPU9250_calcQuat	16	static
../Core/Src/MPU9250-DMP.c:629:7:MPU9250_qToFloat	32	static
../Core/Src/MPU9250-DMP.c:639:6:MPU9250_computeEulerAngles	64	static
../Core/Src/MPU9250-DMP.c:672:7:MPU9250_computeCompassHeading	16	static
../Core/Src/MPU9250-DMP.c:688:16:MPU9250_orientation_row_2_scale	24	static
../Core/Src/MPU9250-DMP.c:709:13:tap_cb	16	static
../Core/Src/MPU9250-DMP.c:716:13:orient_cb	16	static
